||2017-03-15 22:16:41||kabam_0123||loss:0%||min:1.307||avg:1.409||max:4.517
||2017-03-15 22:16:41||armor_0003||loss:0%||min:1.314||avg:1.450||max:3.166
||2017-03-15 22:00:01||bm_0120||loss:0%||min:1.316||avg:1.436||max:9.271
||2017-03-15 22:16:41||kabam_0011||loss:0%||min:1.325||avg:1.447||max:4.551
||2017-03-15 22:16:41||kong_0001||loss:0%||min:1.339||avg:1.471||max:6.557
||2017-03-15 22:00:01||bm_0120||loss:0%||min:1.376||avg:1.488||max:9.208
||2017-03-15 22:16:41||bm_0479||loss:0%||min:1.380||avg:1.551||max:7.188
||2017-03-15 22:00:01||r2game_0610||loss:0%||min:1.385||avg:1.572||max:14.856
||2017-03-15 22:16:42||r2game_0639||loss:0%||min:1.387||avg:1.548||max:15.670
||2017-03-15 22:16:42||kabam_0123||loss:0%||min:1.402||avg:1.637||max:18.041
||2017-03-15 22:16:41||r2game_0092||loss:0%||min:1.406||avg:1.637||max:15.271
||2017-03-15 22:16:42||r2game_0273||loss:0%||min:1.419||avg:1.624||max:15.824
||2017-03-15 22:16:41||r2game_0273||loss:0%||min:1.419||avg:1.580||max:10.491
||2017-03-15 22:00:01||r2game_0610||loss:0%||min:1.435||avg:1.588||max:3.051
||2017-03-15 22:00:01||qb9esp_0001||loss:0%||min:7.424||avg:7.596||max:10.180
||2017-03-15 22:16:41||naesp_0974||loss:0%||min:7.438||avg:7.585||max:12.041
||2017-03-15 22:00:01||saesp_0021||loss:0%||min:7.447||avg:7.619||max:12.516
||2017-03-15 22:00:01||saesp_0127||loss:0%||min:7.459||avg:7.631||max:11.148
||2017-03-15 22:00:01||saesp_0127||loss:0%||min:7.459||avg:7.653||max:32.645
||2017-03-15 22:00:01||broas_0001||loss:0%||min:7.460||avg:7.605||max:9.414
||2017-03-15 22:16:42||saesp_0093||loss:0%||min:7.466||avg:7.649||max:19.579
||2017-03-15 22:00:01||saesp_0021||loss:0%||min:7.468||avg:7.627||max:10.194
||2017-03-15 22:16:42||saesp_0088||loss:0%||min:7.474||avg:7.615||max:9.107
||2017-03-15 22:16:42||saesp_0030||loss:0%||min:7.475||avg:7.657||max:9.740
||2017-03-15 22:00:01||saesp_0797||loss:0%||min:7.481||avg:7.627||max:12.592
||2017-03-15 22:00:01||broas_0581||loss:0%||min:7.481||avg:7.627||max:11.538
||2017-03-15 22:00:01||saesp_0736||loss:0%||min:7.485||avg:7.653||max:15.398
||2017-03-15 22:00:01||qb9esp_0001||loss:0%||min:7.493||avg:7.669||max:15.382
||2017-03-15 22:16:41||brazil_0001||loss:0%||min:7.493||avg:7.660||max:11.928
||2017-03-15 22:16:41||qb9esp_0001||loss:0%||min:7.545||avg:7.723||max:18.808
||2017-03-15 22:16:42||saesp_0030||loss:0%||min:7.613||avg:7.819||max:13.102
||2017-03-15 22:16:41||broas_0261||loss:0%||min:7.666||avg:7.850||max:9.481
||2017-03-15 22:00:01||saesp_0183||loss:0%||min:7.666||avg:7.852||max:20.028
||2017-03-15 22:00:01||brazil_0016||loss:0%||min:7.683||avg:7.829||max:12.362
||2017-03-15 22:16:41||saesp_0509||loss:0%||min:7.695||avg:7.871||max:12.645
||2017-03-15 22:00:01||saesp_0581||loss:0%||min:7.721||avg:7.880||max:21.315
||2017-03-15 22:16:50||broas_0508||loss:0%||min:7.735||avg:7.878||max:9.679
||2017-03-15 22:00:01||saesp_0155||loss:0%||min:7.736||avg:7.908||max:9.619
||2017-03-15 22:00:01||brazil_0198||loss:0%||min:7.751||avg:7.918||max:10.938
||2017-03-15 22:16:42||brazil_0106||loss:0%||min:7.752||avg:7.913||max:12.371
||2017-03-15 22:16:42||saesp_0021||loss:0%||min:7.753||avg:7.919||max:12.220
||2017-03-15 22:16:41||broas_0099||loss:0%||min:7.755||avg:7.964||max:22.782
||2017-03-15 22:00:01||saesp_0099||loss:0%||min:7.756||avg:7.944||max:31.813
||2017-03-15 22:00:01||brazil_0092||loss:0%||min:7.762||avg:7.912||max:10.153
||2017-03-15 22:16:42||saesp_0003||loss:0%||min:7.763||avg:7.960||max:12.828
||2017-03-15 22:16:42||brazil_0242||loss:0%||min:7.764||avg:7.915||max:10.544
||2017-03-15 22:16:41||naesp_0163||loss:0%||min:7.765||avg:7.922||max:10.668
||2017-03-15 22:00:01||naesp_0126||loss:0%||min:7.765||avg:7.920||max:9.963
||2017-03-15 22:00:01||naesp_0757||loss:0%||min:7.780||avg:7.929||max:11.245
||2017-03-15 22:00:01||brazil_0001||loss:0%||min:7.786||avg:7.944||max:11.646
||2017-03-15 22:16:41||brazil_0002||loss:0%||min:7.811||avg:7.969||max:9.447
||2017-03-15 22:00:01||naesp_0308||loss:0%||min:7.815||avg:7.999||max:12.678
||2017-03-15 22:16:50||naesp_0831||loss:0%||min:7.840||avg:8.053||max:14.523
||2017-03-15 22:16:41||saesp_0225||loss:0%||min:7.922||avg:8.119||max:22.181
||2017-03-15 22:00:01||saesp_0768||loss:0%||min:7.927||avg:8.081||max:13.288
||2017-03-15 22:16:41||naesp_0918||loss:0%||min:7.934||avg:8.113||max:14.496
||2017-03-15 22:16:42||naesp_0612||loss:0%||min:7.955||avg:8.122||max:12.962
||2017-03-15 22:16:42||saesp_0006||loss:0%||min:7.974||avg:8.172||max:12.548
||2017-03-15 22:16:41||saesp_0162||loss:0%||min:7.976||avg:8.179||max:11.925
||2017-03-15 22:00:01||brazil_0609||loss:0%||min:7.978||avg:8.168||max:32.867
||2017-03-15 22:16:41||saesp_0365||loss:0%||min:7.980||avg:8.155||max:9.630
||2017-03-15 22:00:01||brazil_0063||loss:0%||min:7.991||avg:8.165||max:11.726
||2017-03-15 22:16:41||brazil_0669||loss:0%||min:8.001||avg:8.161||max:9.021
||2017-03-15 22:00:01||saesp_0509||loss:0%||min:8.001||avg:8.177||max:11.903
||2017-03-15 22:00:01||saesp_0837||loss:0%||min:8.004||avg:8.175||max:10.230
||2017-03-15 22:16:41||saesp_0509||loss:0%||min:8.022||avg:8.243||max:15.016
||2017-03-15 22:16:41||naesp_0163||loss:0%||min:8.026||avg:8.239||max:22.184
||2017-03-15 22:16:41||naesp_0001||loss:0%||min:8.030||avg:8.238||max:17.736
||2017-03-15 22:16:41||saesp_0294||loss:0%||min:8.031||avg:8.220||max:12.165
||2017-03-15 22:00:01||saesp_0965||loss:0%||min:8.038||avg:8.218||max:11.905
||2017-03-15 22:16:41||naesp_0871||loss:0%||min:8.039||avg:8.228||max:14.883
||2017-03-15 22:16:50||naesp_0468||loss:0%||min:8.039||avg:8.233||max:15.649
||2017-03-15 22:00:01||saesp_0162||loss:0%||min:8.045||avg:8.253||max:11.706
||2017-03-15 22:16:42||brazil_0106||loss:0%||min:8.049||avg:8.267||max:14.241
||2017-03-15 22:16:42||saesp_0006||loss:0%||min:8.056||avg:8.247||max:12.542
||2017-03-15 22:00:01||saesp_0981||loss:0%||min:8.058||avg:8.218||max:12.778
||2017-03-15 22:00:01||naesp_0219||loss:0%||min:8.060||avg:8.219||max:11.669
||2017-03-15 22:16:41||brazil_0002||loss:0%||min:8.061||avg:8.252||max:12.705
||2017-03-15 22:16:43||brazil_0016||loss:0%||min:8.062||avg:8.297||max:23.620
||2017-03-15 22:00:01||saesp_0313||loss:0%||min:8.064||avg:8.286||max:14.494
||2017-03-15 22:00:01||saesp_0643||loss:0%||min:8.064||avg:8.239||max:14.848
||2017-03-15 22:16:42||saesp_0003||loss:0%||min:8.065||avg:8.252||max:9.569
||2017-03-15 22:16:41||brazil_0299||loss:0%||min:8.066||avg:8.251||max:10.706
||2017-03-15 22:16:42||saesp_0352||loss:0%||min:8.066||avg:8.241||max:18.026
||2017-03-15 22:16:41||saesp_0211||loss:0%||min:8.068||avg:8.270||max:13.534
||2017-03-15 22:00:01||broas_0480||loss:0%||min:8.071||avg:8.246||max:17.929
||2017-03-15 22:16:42||saesp_0720||loss:0%||min:8.071||avg:8.265||max:22.219
||2017-03-15 22:16:41||saesp_0673||loss:0%||min:8.071||avg:8.251||max:14.992
||2017-03-15 22:16:41||broas_0197||loss:0%||min:8.072||avg:8.255||max:9.695
||2017-03-15 22:00:01||brazil_0530||loss:0%||min:8.073||avg:8.273||max:19.696
||2017-03-15 22:16:41||saesp_0081||loss:0%||min:8.073||avg:8.259||max:9.536
||2017-03-15 22:16:42||brazil_0016||loss:0%||min:8.073||avg:8.252||max:10.083
||2017-03-15 22:00:01||broas_0197||loss:0%||min:8.077||avg:8.305||max:26.154
||2017-03-15 22:16:41||brazil_0114||loss:0%||min:8.079||avg:8.252||max:12.978
||2017-03-15 22:16:41||saesp_0107||loss:0%||min:8.079||avg:8.245||max:12.700
||2017-03-15 22:16:42||brazil_0106||loss:0%||min:8.083||avg:8.256||max:11.139
||2017-03-15 22:00:01||saesp_0099||loss:0%||min:8.084||avg:8.282||max:10.130
||2017-03-15 22:00:01||brazil_0001||loss:0%||min:8.085||avg:8.306||max:25.391
||2017-03-15 22:16:41||broas_0099||loss:0%||min:8.089||avg:8.277||max:9.391
||2017-03-15 22:16:41||broas_0089||loss:0%||min:8.097||avg:8.256||max:12.896
||2017-03-15 22:00:01||saesp_0054||loss:0%||min:8.102||avg:8.321||max:19.722
||2017-03-15 22:16:42||saesp_0429||loss:0%||min:8.106||avg:8.280||max:9.821
||2017-03-15 22:00:01||brazil_0049||loss:0%||min:8.107||avg:8.267||max:13.077
||2017-03-15 22:00:01||brazil_0049||loss:0%||min:8.134||avg:8.318||max:24.234
||2017-03-15 22:16:42||bm_0007||loss:0%||min:24.607||avg:24.930||max:28.238
||2017-03-15 22:16:42||bm_0013||loss:0%||min:24.666||avg:24.888||max:28.788
||2017-03-15 22:16:42||bm_0001||loss:0%||min:24.675||avg:24.993||max:34.655
||2017-03-15 22:16:42||bm_0109||loss:0%||min:24.781||avg:25.074||max:30.333
||2017-03-15 22:16:42||bm_0001||loss:0%||min:24.788||avg:25.034||max:29.827
||2017-03-15 22:16:42||bm_0105||loss:0%||min:24.802||avg:25.085||max:28.191
||2017-03-15 22:16:41||bm_0001||loss:0%||min:24.841||avg:25.071||max:31.506
||2017-03-15 22:16:42||bm_0105||loss:0%||min:24.856||avg:25.079||max:29.791
||2017-03-15 22:16:41||bm_0201||loss:0%||min:24.951||avg:25.744||max:28.690
||2017-03-15 22:16:42||bm_0105||loss:0%||min:25.131||avg:25.887||max:29.098
||2017-03-15 22:16:42||bm_0517||loss:0%||min:25.455||avg:25.700||max:38.364
||2017-03-15 22:00:01||bm_0088||loss:0%||min:75.149||avg:75.269||max:84.941
||2017-03-15 22:16:41||r2game_0040||loss:0%||min:75.156||avg:75.283||max:79.666
||2017-03-15 22:00:01||bm_0072||loss:0%||min:75.170||avg:75.320||max:79.496
||2017-03-15 22:33:21||bm_0083||loss:0%||min:75.178||avg:75.289||max:76.957
||2017-03-15 22:16:41||r2game_0479||loss:0%||min:75.193||avg:75.383||max:89.114
||2017-03-15 22:00:01||ngame_0001||loss:0%||min:75.229||avg:75.433||max:83.154
||2017-03-15 22:00:01||bm_0209||loss:0%||min:75.253||avg:75.391||max:81.209
||2017-03-15 22:16:50||bm_0513||loss:0%||min:76.456||avg:76.588||max:91.906
||2017-03-15 22:16:41||kag_0001||loss:0%||min:79.494||avg:79.817||max:84.890
||2017-03-15 22:00:01||italy_0039||loss:0%||min:79.521||avg:80.178||max:97.026
||2017-03-15 22:16:41||fr_0138||loss:0%||min:79.539||avg:79.885||max:87.785
||2017-03-15 22:00:01||koram_0044||loss:0%||min:79.572||avg:80.018||max:89.908
||2017-03-15 22:00:01||fr_0119||loss:0%||min:79.625||avg:80.190||max:97.004
||2017-03-15 22:16:41||koram_0144||loss:0%||min:79.661||avg:80.261||max:89.513
||2017-03-15 22:00:01||koram_0004||loss:0%||min:79.668||avg:80.054||max:85.405
||2017-03-15 22:00:01||fr_0013||loss:0%||min:79.707||avg:80.033||max:87.993
||2017-03-15 22:00:01||koram_0004||loss:0%||min:79.722||avg:80.212||max:85.914
||2017-03-15 22:16:42||russia_0010||loss:0%||min:79.726||avg:80.188||max:92.684
||2017-03-15 22:00:01||koram_0044||loss:0%||min:79.730||avg:80.295||max:89.908
||2017-03-15 22:16:41||italy_0001||loss:0%||min:79.740||avg:80.158||max:82.831
||2017-03-15 22:16:41||russia_0106||loss:0%||min:79.753||avg:80.221||max:86.262
||2017-03-15 22:16:42||russia_0034||loss:0%||min:79.759||avg:80.180||max:84.586
||2017-03-15 22:16:41||russia_0043||loss:0%||min:79.778||avg:80.248||max:83.379
||2017-03-15 22:00:01||fr_0001||loss:0%||min:79.795||avg:80.045||max:89.909
||2017-03-15 22:00:01||russia_0034||loss:0%||min:79.807||avg:80.181||max:94.232
||2017-03-15 22:16:41||kag_0001||loss:0%||min:79.860||avg:80.197||max:91.427
||2017-03-15 22:16:42||russia_0010||loss:0%||min:79.950||avg:80.138||max:85.688
||2017-03-15 22:16:41||italy_0001||loss:0%||min:80.041||avg:80.184||max:84.597
||2017-03-15 22:16:41||fr_0081||loss:0%||min:80.053||avg:80.280||max:85.655
||2017-03-15 22:16:41||russia_0148||loss:0%||min:80.185||avg:80.316||max:84.981
||2017-03-15 22:16:41||101xp_0017||loss:0%||min:84.116||avg:84.323||max:87.926
||2017-03-15 22:00:01||holland_0004||loss:0%||min:86.659||avg:86.815||max:89.671
||2017-03-15 22:16:41||101xp_0017||loss:0%||min:88.103||avg:88.268||max:97.312
||2017-03-15 22:00:01||turkey_0680||loss:0%||min:91.510||avg:91.674||max:99.656
||2017-03-15 22:00:01||bm101_0004||loss:0%||min:91.552||avg:91.731||max:94.721
||2017-03-15 22:33:21||euesp_0055||loss:0%||min:91.570||avg:91.763||max:106.880
||2017-03-15 22:00:01||turkey_0161||loss:0%||min:91.588||avg:91.760||max:98.555
||2017-03-15 22:33:21||turkey_0075||loss:0%||min:91.605||avg:91.763||max:95.108
||2017-03-15 22:33:22||poland_0176||loss:0%||min:91.679||avg:91.788||max:93.776
||2017-03-15 22:33:21||poland_0179||loss:0%||min:91.691||avg:91.829||max:94.577
||2017-03-15 22:33:21||turkey_0009||loss:0%||min:91.716||avg:91.886||max:94.191
||2017-03-15 22:33:21||poland_0062||loss:0%||min:91.729||avg:91.854||max:93.006
||2017-03-15 22:33:21||sweden_0033||loss:0%||min:91.734||avg:91.868||max:93.156
||2017-03-15 22:33:22||poland_0311||loss:0%||min:91.738||avg:91.877||max:92.518
||2017-03-15 22:33:21||holland_0055||loss:0%||min:91.740||avg:91.866||max:97.442
||2017-03-15 22:33:22||troas_0005||loss:0%||min:91.750||avg:91.861||max:93.557
||2017-03-15 22:33:21||turkey_0049||loss:0%||min:91.804||avg:91.982||max:98.211
||2017-03-15 22:33:21||troas_0292||loss:0%||min:91.806||avg:91.942||max:96.271
||2017-03-15 22:33:22||turkey_0001||loss:0%||min:91.809||avg:91.965||max:92.789
||2017-03-15 22:33:22||turkey_0013||loss:0%||min:91.821||avg:92.000||max:94.137
||2017-03-15 22:33:22||greece_0007||loss:0%||min:91.846||avg:91.959||max:92.954
||2017-03-15 22:33:21||turkey_0003||loss:0%||min:91.858||avg:92.046||max:95.725
||2017-03-15 22:33:22||turkey_0169||loss:0%||min:91.887||avg:92.081||max:96.062
||2017-03-15 22:33:22||101xp_0040||loss:0%||min:91.918||avg:92.050||max:96.336
||2017-03-15 22:33:21||troas_0033||loss:0%||min:91.938||avg:92.102||max:93.978
||2017-03-15 22:33:22||troas_0221||loss:0%||min:92.022||avg:92.154||max:98.461
||2017-03-15 22:00:01||101xp_0096||loss:0%||min:92.026||avg:92.190||max:109.619
||2017-03-15 22:33:22||troas_0357||loss:0%||min:92.059||avg:92.161||max:93.740
||2017-03-15 22:00:01||euesp_0154||loss:0%||min:92.060||avg:92.186||max:98.373
||2017-03-15 22:00:01||troas_0326||loss:0%||min:92.126||avg:92.293||max:98.671
||2017-03-15 22:00:01||turkey_0037||loss:0%||min:92.169||avg:92.325||max:95.386
||2017-03-15 22:33:22||turkey_0021||loss:0%||min:92.189||avg:92.356||max:95.537
||2017-03-15 22:33:21||poland_0258||loss:0%||min:92.262||avg:92.463||max:98.562
||2017-03-15 22:00:01||turclas_0005||loss:0%||min:92.282||avg:92.404||max:94.506
||2017-03-15 22:00:01||101xp_0167||loss:0%||min:92.282||avg:92.432||max:103.833
||2017-03-15 22:33:22||poland_0124||loss:0%||min:92.295||avg:92.398||max:93.614
||2017-03-15 22:00:01||poland_0194||loss:0%||min:92.304||avg:92.425||max:94.444
||2017-03-15 22:33:22||turkey_0049||loss:0%||min:92.427||avg:92.589||max:93.988
||2017-03-15 22:33:22||turkey_0033||loss:0%||min:92.512||avg:92.696||max:95.021
||2017-03-15 22:33:21||euesp_0055||loss:0%||min:93.080||avg:93.317||max:103.410
||2017-03-15 22:33:22||turkey_0017||loss:0%||min:93.185||avg:93.359||max:95.508
||2017-03-15 22:33:21||turkey_0002||loss:0%||min:93.187||avg:93.418||max:99.481
||2017-03-15 22:33:22||holland_0028||loss:0%||min:93.436||avg:93.548||max:94.709
||2017-03-15 22:33:21||sweden_0033||loss:0%||min:93.436||avg:93.607||max:97.782
||2017-03-15 22:33:22||turkey_0025||loss:0%||min:93.511||avg:93.713||max:95.011
||2017-03-15 22:00:01||greece_0017||loss:0%||min:93.526||avg:93.721||max:97.837
||2017-03-15 22:33:22||deoas_0075||loss:0%||min:93.533||avg:93.756||max:95.919
||2017-03-15 22:33:21||euesp_0508||loss:0%||min:93.570||avg:93.757||max:107.719
||2017-03-15 22:33:21||turkey_0009||loss:0%||min:93.591||avg:93.771||max:106.907
||2017-03-15 22:33:21||turkey_0324||loss:0%||min:93.626||avg:93.798||max:99.107
||2017-03-15 22:33:21||turkey_0049||loss:0%||min:93.630||avg:93.778||max:95.988
||2017-03-15 22:33:22||euesp_0604||loss:0%||min:93.640||avg:93.807||max:96.115
||2017-03-15 22:33:21||101xp_0001||loss:0%||min:93.643||avg:93.822||max:96.747
||2017-03-15 22:33:21||poland_0274||loss:0%||min:93.648||avg:93.779||max:95.925
||2017-03-15 22:33:21||101xp_0002||loss:0%||min:93.680||avg:93.817||max:108.927
||2017-03-15 22:33:22||101xp_0041||loss:0%||min:93.700||avg:93.829||max:97.840
||2017-03-15 22:33:21||turkey_0009||loss:0%||min:93.739||avg:93.895||max:97.349
||2017-03-15 22:16:41||poland_0359||loss:0%||min:93.861||avg:94.034||max:102.587
||2017-03-15 22:00:01||holland_0015||loss:0%||min:96.597||avg:96.777||max:104.912
||2017-03-15 22:00:01||arabia_0195||loss:0%||min:96.858||avg:97.006||max:109.434
||2017-03-15 22:16:41||101xp_0019||loss:0%||min:98.021||avg:98.231||max:109.690
||2017-03-15 22:16:41||101xp_0018||loss:0%||min:98.149||avg:98.319||max:103.505
||2017-03-15 22:00:01||arabia_0228||loss:0%||min:98.161||avg:98.372||max:112.048
||2017-03-15 22:00:01||esprit_0001||loss:0%||min:98.478||avg:98.614||max:100.271
||2017-03-15 22:00:01||esprit_0001||loss:0%||min:98.717||avg:98.859||max:106.800
||2017-03-15 22:00:01||poland_0001||loss:0%||min:100.388||avg:100.557||max:103.732
||2017-03-15 22:00:01||poland_0002||loss:0%||min:100.436||avg:100.629||max:104.494
||2017-03-15 22:33:21||opogame_0005||loss:0%||min:126.999||avg:128.049||max:133.859
||2017-03-15 22:33:21||opogame_0002||loss:0%||min:127.413||avg:129.907||max:133.796
||2017-03-15 22:00:01||ennia_0001||loss:0%||min:132.414||avg:135.152||max:162.038
||2017-03-15 22:00:01||gameru_0001||loss:0%||min:135.306||avg:135.526||max:143.486
||2017-03-15 22:33:21||gameru_0003||loss:0%||min:135.442||avg:136.185||max:152.464
||2017-03-15 22:00:01||ennia_0001||loss:0%||min:136.082||avg:138.870||max:174.278
||2017-03-15 22:00:01||gameru_0002||loss:0%||min:138.469||avg:139.260||max:175.207
||2017-03-15 22:33:21||opogame_0001||loss:0%||min:140.649||avg:141.063||max:144.721
||2017-03-15 22:16:42||r2game_0005||loss:0%||min:142.084||avg:142.294||max:143.500
||2017-03-15 22:16:41||r2game_0094||loss:0%||min:142.303||avg:142.490||max:145.557
||2017-03-15 22:33:21||r2game_0003||loss:0%||min:142.377||avg:142.527||max:147.834
||2017-03-15 22:33:21||r2game_0003||loss:0%||min:142.417||avg:142.572||max:147.634
||2017-03-15 22:16:42||r2game_0003||loss:0%||min:143.612||avg:143.751||max:146.460
||2017-03-15 22:16:41||r2game_0683||loss:0%||min:147.667||avg:147.792||max:149.965
||2017-03-15 22:00:01||yiyou_0014||loss:0%||min:191.803||avg:192.021||max:196.254
||2017-03-15 22:00:01||korea_0001||loss:0%||min:192.721||avg:203.531||max:219.335
||2017-03-15 22:00:01||yiyou_0132||loss:0%||min:195.583||avg:195.764||max:202.401
||2017-03-15 22:16:41||yiyou_0001||loss:0%||min:196.964||avg:197.192||max:200.081
||2017-03-15 22:16:41||yiyou_0001||loss:0%||min:197.050||avg:197.251||max:200.200
||2017-03-15 22:00:01||yiyou_0090||loss:0%||min:198.419||avg:198.661||max:201.636
||2017-03-15 22:00:01||yiyou_0014||loss:0%||min:200.525||avg:200.786||max:221.500
||2017-03-15 22:00:01||vietnam_0007||loss:0%||min:232.556||avg:243.669||max:268.842
||2017-03-15 22:00:01||korea_0001||loss:0%||min:232.881||avg:233.251||max:249.546
||2017-03-15 22:00:01||vietnam_0003||loss:0%||min:236.846||avg:248.013||max:270.258
||2017-03-15 22:00:01||vietnam_0285||loss:0%||min:242.787||avg:254.224||max:274.433
||2017-03-15 22:00:01||ds_0012||loss:0%||min:253.587||avg:254.447||max:266.904
||2017-03-15 22:00:01||ds_0011||loss:0%||min:253.626||avg:254.361||max:263.122
||2017-03-15 22:00:01||vietnam_0317||loss:0%||min:253.868||avg:265.248||max:288.968
||2017-03-15 22:00:01||proindo_0010||loss:0%||min:254.513||avg:254.781||max:257.945
||2017-03-15 22:00:01||myindo_0001||loss:0%||min:259.117||avg:260.083||max:266.188
||2017-03-15 22:00:01||myindo_0001||loss:0%||min:260.578||avg:262.779||max:892.819
||2017-03-15 22:00:01||proindo_0001||loss:0%||min:271.765||avg:272.085||max:282.594
||2017-03-15 22:00:01||ds_0013||loss:100%||:||:||:
||2017-03-15 22:00:01||ds_0001||loss:100%||:||:||:
||2017-03-15 22:00:01||japan_0010||loss:100%||:||:||:
||2017-03-15 22:16:42||taiyu_0001||loss:100%||:||:||:
||2017-03-15 22:00:01||japan_0009||loss:100%||:||:||:
||2017-03-15 22:16:41||kabam_0123||loss:0%||min:1.307||avg:1.409||max:4.517
||2017-03-15 22:16:41||armor_0003||loss:0%||min:1.314||avg:1.450||max:3.166
||2017-03-15 22:00:01||bm_0120||loss:0%||min:1.316||avg:1.436||max:9.271
||2017-03-15 22:16:41||kabam_0011||loss:0%||min:1.325||avg:1.447||max:4.551
||2017-03-15 22:16:41||kong_0001||loss:0%||min:1.339||avg:1.471||max:6.557
||2017-03-15 22:00:01||bm_0120||loss:0%||min:1.376||avg:1.488||max:9.208
||2017-03-15 22:16:41||bm_0479||loss:0%||min:1.380||avg:1.551||max:7.188
||2017-03-15 22:00:01||r2game_0610||loss:0%||min:1.385||avg:1.572||max:14.856
||2017-03-15 22:16:42||r2game_0639||loss:0%||min:1.387||avg:1.548||max:15.670
||2017-03-15 22:16:42||kabam_0123||loss:0%||min:1.402||avg:1.637||max:18.041
||2017-03-15 22:16:41||r2game_0092||loss:0%||min:1.406||avg:1.637||max:15.271
||2017-03-15 22:16:41||r2game_0273||loss:0%||min:1.419||avg:1.580||max:10.491
||2017-03-15 22:16:42||r2game_0273||loss:0%||min:1.419||avg:1.624||max:15.824
||2017-03-15 22:00:01||r2game_0610||loss:0%||min:1.435||avg:1.588||max:3.051
||2017-03-15 22:00:01||qb9esp_0001||loss:0%||min:7.424||avg:7.596||max:10.180
||2017-03-15 22:16:41||naesp_0974||loss:0%||min:7.438||avg:7.585||max:12.041
||2017-03-15 22:00:01||saesp_0021||loss:0%||min:7.447||avg:7.619||max:12.516
||2017-03-15 22:00:01||saesp_0127||loss:0%||min:7.459||avg:7.653||max:32.645
||2017-03-15 22:00:01||saesp_0127||loss:0%||min:7.459||avg:7.631||max:11.148
||2017-03-15 22:00:01||broas_0001||loss:0%||min:7.460||avg:7.605||max:9.414
||2017-03-15 22:16:42||saesp_0093||loss:0%||min:7.466||avg:7.649||max:19.579
||2017-03-15 22:00:01||saesp_0021||loss:0%||min:7.468||avg:7.627||max:10.194
||2017-03-15 22:16:42||saesp_0088||loss:0%||min:7.474||avg:7.615||max:9.107
||2017-03-15 22:16:42||saesp_0030||loss:0%||min:7.475||avg:7.657||max:9.740
||2017-03-15 22:00:01||broas_0581||loss:0%||min:7.481||avg:7.627||max:11.538
||2017-03-15 22:00:01||saesp_0797||loss:0%||min:7.481||avg:7.627||max:12.592
||2017-03-15 22:00:01||saesp_0736||loss:0%||min:7.485||avg:7.653||max:15.398
||2017-03-15 22:00:01||qb9esp_0001||loss:0%||min:7.493||avg:7.669||max:15.382
||2017-03-15 22:16:41||brazil_0001||loss:0%||min:7.493||avg:7.660||max:11.928
||2017-03-15 22:16:41||qb9esp_0001||loss:0%||min:7.545||avg:7.723||max:18.808
||2017-03-15 22:16:42||saesp_0030||loss:0%||min:7.613||avg:7.819||max:13.102
||2017-03-15 22:00:01||saesp_0183||loss:0%||min:7.666||avg:7.852||max:20.028
||2017-03-15 22:16:41||broas_0261||loss:0%||min:7.666||avg:7.850||max:9.481
||2017-03-15 22:00:01||brazil_0016||loss:0%||min:7.683||avg:7.829||max:12.362
||2017-03-15 22:16:41||saesp_0509||loss:0%||min:7.695||avg:7.871||max:12.645
||2017-03-15 22:00:01||saesp_0581||loss:0%||min:7.721||avg:7.880||max:21.315
||2017-03-15 22:16:50||broas_0508||loss:0%||min:7.735||avg:7.878||max:9.679
||2017-03-15 22:00:01||saesp_0155||loss:0%||min:7.736||avg:7.908||max:9.619
||2017-03-15 22:00:01||brazil_0198||loss:0%||min:7.751||avg:7.918||max:10.938
||2017-03-15 22:16:42||brazil_0106||loss:0%||min:7.752||avg:7.913||max:12.371
||2017-03-15 22:16:42||saesp_0021||loss:0%||min:7.753||avg:7.919||max:12.220
||2017-03-15 22:16:41||broas_0099||loss:0%||min:7.755||avg:7.964||max:22.782
||2017-03-15 22:00:01||saesp_0099||loss:0%||min:7.756||avg:7.944||max:31.813
||2017-03-15 22:00:01||brazil_0092||loss:0%||min:7.762||avg:7.912||max:10.153
||2017-03-15 22:16:42||saesp_0003||loss:0%||min:7.763||avg:7.960||max:12.828
||2017-03-15 22:16:42||brazil_0242||loss:0%||min:7.764||avg:7.915||max:10.544
||2017-03-15 22:00:01||naesp_0126||loss:0%||min:7.765||avg:7.920||max:9.963
||2017-03-15 22:16:41||naesp_0163||loss:0%||min:7.765||avg:7.922||max:10.668
||2017-03-15 22:00:01||naesp_0757||loss:0%||min:7.780||avg:7.929||max:11.245
||2017-03-15 22:00:01||brazil_0001||loss:0%||min:7.786||avg:7.944||max:11.646
||2017-03-15 22:16:41||brazil_0002||loss:0%||min:7.811||avg:7.969||max:9.447
||2017-03-15 22:00:01||naesp_0308||loss:0%||min:7.815||avg:7.999||max:12.678
||2017-03-15 22:16:50||naesp_0831||loss:0%||min:7.840||avg:8.053||max:14.523
||2017-03-15 22:16:41||saesp_0225||loss:0%||min:7.922||avg:8.119||max:22.181
||2017-03-15 22:00:01||saesp_0768||loss:0%||min:7.927||avg:8.081||max:13.288
||2017-03-15 22:16:41||naesp_0918||loss:0%||min:7.934||avg:8.113||max:14.496
||2017-03-15 22:16:42||naesp_0612||loss:0%||min:7.955||avg:8.122||max:12.962
||2017-03-15 22:16:42||saesp_0006||loss:0%||min:7.974||avg:8.172||max:12.548
||2017-03-15 22:16:41||saesp_0162||loss:0%||min:7.976||avg:8.179||max:11.925
||2017-03-15 22:00:01||brazil_0609||loss:0%||min:7.978||avg:8.168||max:32.867
||2017-03-15 22:16:41||saesp_0365||loss:0%||min:7.980||avg:8.155||max:9.630
||2017-03-15 22:00:01||brazil_0063||loss:0%||min:7.991||avg:8.165||max:11.726
||2017-03-15 22:00:01||saesp_0509||loss:0%||min:8.001||avg:8.177||max:11.903
||2017-03-15 22:16:41||brazil_0669||loss:0%||min:8.001||avg:8.161||max:9.021
||2017-03-15 22:00:01||saesp_0837||loss:0%||min:8.004||avg:8.175||max:10.230
||2017-03-15 22:16:41||saesp_0509||loss:0%||min:8.022||avg:8.243||max:15.016
||2017-03-15 22:16:41||naesp_0163||loss:0%||min:8.026||avg:8.239||max:22.184
||2017-03-15 22:16:41||naesp_0001||loss:0%||min:8.030||avg:8.238||max:17.736
||2017-03-15 22:16:41||saesp_0294||loss:0%||min:8.031||avg:8.220||max:12.165
||2017-03-15 22:00:01||saesp_0965||loss:0%||min:8.038||avg:8.218||max:11.905
||2017-03-15 22:16:50||naesp_0468||loss:0%||min:8.039||avg:8.233||max:15.649
||2017-03-15 22:16:41||naesp_0871||loss:0%||min:8.039||avg:8.228||max:14.883
||2017-03-15 22:00:01||saesp_0162||loss:0%||min:8.045||avg:8.253||max:11.706
||2017-03-15 22:16:42||brazil_0106||loss:0%||min:8.049||avg:8.267||max:14.241
||2017-03-15 22:16:42||saesp_0006||loss:0%||min:8.056||avg:8.247||max:12.542
||2017-03-15 22:00:01||saesp_0981||loss:0%||min:8.058||avg:8.218||max:12.778
||2017-03-15 22:00:01||naesp_0219||loss:0%||min:8.060||avg:8.219||max:11.669
||2017-03-15 22:16:41||brazil_0002||loss:0%||min:8.061||avg:8.252||max:12.705
||2017-03-15 22:16:43||brazil_0016||loss:0%||min:8.062||avg:8.297||max:23.620
||2017-03-15 22:00:01||saesp_0643||loss:0%||min:8.064||avg:8.239||max:14.848
||2017-03-15 22:00:01||saesp_0313||loss:0%||min:8.064||avg:8.286||max:14.494
||2017-03-15 22:16:42||saesp_0003||loss:0%||min:8.065||avg:8.252||max:9.569
||2017-03-15 22:16:41||brazil_0299||loss:0%||min:8.066||avg:8.251||max:10.706
||2017-03-15 22:16:42||saesp_0352||loss:0%||min:8.066||avg:8.241||max:18.026
||2017-03-15 22:16:41||saesp_0211||loss:0%||min:8.068||avg:8.270||max:13.534
||2017-03-15 22:16:41||saesp_0673||loss:0%||min:8.071||avg:8.251||max:14.992
||2017-03-15 22:00:01||broas_0480||loss:0%||min:8.071||avg:8.246||max:17.929
||2017-03-15 22:16:42||saesp_0720||loss:0%||min:8.071||avg:8.265||max:22.219
||2017-03-15 22:16:41||broas_0197||loss:0%||min:8.072||avg:8.255||max:9.695
||2017-03-15 22:16:42||brazil_0016||loss:0%||min:8.073||avg:8.252||max:10.083
||2017-03-15 22:16:41||saesp_0081||loss:0%||min:8.073||avg:8.259||max:9.536
||2017-03-15 22:00:01||brazil_0530||loss:0%||min:8.073||avg:8.273||max:19.696
||2017-03-15 22:00:01||broas_0197||loss:0%||min:8.077||avg:8.305||max:26.154
||2017-03-15 22:16:41||saesp_0107||loss:0%||min:8.079||avg:8.245||max:12.700
||2017-03-15 22:16:41||brazil_0114||loss:0%||min:8.079||avg:8.252||max:12.978
||2017-03-15 22:16:42||brazil_0106||loss:0%||min:8.083||avg:8.256||max:11.139
||2017-03-15 22:00:01||saesp_0099||loss:0%||min:8.084||avg:8.282||max:10.130
||2017-03-15 22:00:01||brazil_0001||loss:0%||min:8.085||avg:8.306||max:25.391
||2017-03-15 22:16:41||broas_0099||loss:0%||min:8.089||avg:8.277||max:9.391
||2017-03-15 22:16:41||broas_0089||loss:0%||min:8.097||avg:8.256||max:12.896
||2017-03-15 22:00:01||saesp_0054||loss:0%||min:8.102||avg:8.321||max:19.722
||2017-03-15 22:16:42||saesp_0429||loss:0%||min:8.106||avg:8.280||max:9.821
||2017-03-15 22:00:01||brazil_0049||loss:0%||min:8.107||avg:8.267||max:13.077
||2017-03-15 22:00:01||brazil_0049||loss:0%||min:8.134||avg:8.318||max:24.234
||2017-03-15 22:16:42||bm_0007||loss:0%||min:24.607||avg:24.930||max:28.238
||2017-03-15 22:16:42||bm_0013||loss:0%||min:24.666||avg:24.888||max:28.788
||2017-03-15 22:16:42||bm_0001||loss:0%||min:24.675||avg:24.993||max:34.655
||2017-03-15 22:16:42||bm_0109||loss:0%||min:24.781||avg:25.074||max:30.333
||2017-03-15 22:16:42||bm_0001||loss:0%||min:24.788||avg:25.034||max:29.827
||2017-03-15 22:16:42||bm_0105||loss:0%||min:24.802||avg:25.085||max:28.191
||2017-03-15 22:16:41||bm_0001||loss:0%||min:24.841||avg:25.071||max:31.506
||2017-03-15 22:16:42||bm_0105||loss:0%||min:24.856||avg:25.079||max:29.791
||2017-03-15 22:16:41||bm_0201||loss:0%||min:24.951||avg:25.744||max:28.690
||2017-03-15 22:16:42||bm_0105||loss:0%||min:25.131||avg:25.887||max:29.098
||2017-03-15 22:16:42||bm_0517||loss:0%||min:25.455||avg:25.700||max:38.364
||2017-03-15 22:00:01||bm_0088||loss:0%||min:75.149||avg:75.269||max:84.941
||2017-03-15 22:16:41||r2game_0040||loss:0%||min:75.156||avg:75.283||max:79.666
||2017-03-15 22:00:01||bm_0072||loss:0%||min:75.170||avg:75.320||max:79.496
||2017-03-15 22:33:21||bm_0083||loss:0%||min:75.178||avg:75.289||max:76.957
||2017-03-15 22:16:41||r2game_0479||loss:0%||min:75.193||avg:75.383||max:89.114
||2017-03-15 22:00:01||ngame_0001||loss:0%||min:75.229||avg:75.433||max:83.154
||2017-03-15 22:00:01||bm_0209||loss:0%||min:75.253||avg:75.391||max:81.209
||2017-03-15 22:16:50||bm_0513||loss:0%||min:76.456||avg:76.588||max:91.906
||2017-03-15 22:16:41||kag_0001||loss:0%||min:79.494||avg:79.817||max:84.890
||2017-03-15 22:00:01||italy_0039||loss:0%||min:79.521||avg:80.178||max:97.026
||2017-03-15 22:16:41||fr_0138||loss:0%||min:79.539||avg:79.885||max:87.785
||2017-03-15 22:00:01||koram_0044||loss:0%||min:79.572||avg:80.018||max:89.908
||2017-03-15 22:00:01||fr_0119||loss:0%||min:79.625||avg:80.190||max:97.004
||2017-03-15 22:16:41||koram_0144||loss:0%||min:79.661||avg:80.261||max:89.513
||2017-03-15 22:00:01||koram_0004||loss:0%||min:79.668||avg:80.054||max:85.405
||2017-03-15 22:00:01||fr_0013||loss:0%||min:79.707||avg:80.033||max:87.993
||2017-03-15 22:00:01||koram_0004||loss:0%||min:79.722||avg:80.212||max:85.914
||2017-03-15 22:16:42||russia_0010||loss:0%||min:79.726||avg:80.188||max:92.684
||2017-03-15 22:00:01||koram_0044||loss:0%||min:79.730||avg:80.295||max:89.908
||2017-03-15 22:16:41||italy_0001||loss:0%||min:79.740||avg:80.158||max:82.831
||2017-03-15 22:16:41||russia_0106||loss:0%||min:79.753||avg:80.221||max:86.262
||2017-03-15 22:16:42||russia_0034||loss:0%||min:79.759||avg:80.180||max:84.586
||2017-03-15 22:16:41||russia_0043||loss:0%||min:79.778||avg:80.248||max:83.379
||2017-03-15 22:00:01||fr_0001||loss:0%||min:79.795||avg:80.045||max:89.909
||2017-03-15 22:00:01||russia_0034||loss:0%||min:79.807||avg:80.181||max:94.232
||2017-03-15 22:16:41||kag_0001||loss:0%||min:79.860||avg:80.197||max:91.427
||2017-03-15 22:16:42||russia_0010||loss:0%||min:79.950||avg:80.138||max:85.688
||2017-03-15 22:16:41||italy_0001||loss:0%||min:80.041||avg:80.184||max:84.597
||2017-03-15 22:16:41||fr_0081||loss:0%||min:80.053||avg:80.280||max:85.655
||2017-03-15 22:16:41||russia_0148||loss:0%||min:80.185||avg:80.316||max:84.981
||2017-03-15 22:16:41||101xp_0017||loss:0%||min:84.116||avg:84.323||max:87.926
||2017-03-15 22:00:01||holland_0004||loss:0%||min:86.659||avg:86.815||max:89.671
||2017-03-15 22:16:41||101xp_0017||loss:0%||min:88.103||avg:88.268||max:97.312
||2017-03-15 22:00:01||turkey_0680||loss:0%||min:91.510||avg:91.674||max:99.656
||2017-03-15 22:00:01||bm101_0004||loss:0%||min:91.552||avg:91.731||max:94.721
||2017-03-15 22:33:21||euesp_0055||loss:0%||min:91.570||avg:91.763||max:106.880
||2017-03-15 22:00:01||turkey_0161||loss:0%||min:91.588||avg:91.760||max:98.555
||2017-03-15 22:33:21||turkey_0075||loss:0%||min:91.605||avg:91.763||max:95.108
||2017-03-15 22:33:22||poland_0176||loss:0%||min:91.679||avg:91.788||max:93.776
||2017-03-15 22:33:21||poland_0179||loss:0%||min:91.691||avg:91.829||max:94.577
||2017-03-15 22:33:21||turkey_0009||loss:0%||min:91.716||avg:91.886||max:94.191
||2017-03-15 22:33:21||poland_0062||loss:0%||min:91.729||avg:91.854||max:93.006
||2017-03-15 22:33:21||sweden_0033||loss:0%||min:91.734||avg:91.868||max:93.156
||2017-03-15 22:33:22||poland_0311||loss:0%||min:91.738||avg:91.877||max:92.518
||2017-03-15 22:33:21||holland_0055||loss:0%||min:91.740||avg:91.866||max:97.442
||2017-03-15 22:33:22||troas_0005||loss:0%||min:91.750||avg:91.861||max:93.557
||2017-03-15 22:33:21||turkey_0049||loss:0%||min:91.804||avg:91.982||max:98.211
||2017-03-15 22:33:21||troas_0292||loss:0%||min:91.806||avg:91.942||max:96.271
||2017-03-15 22:33:22||turkey_0001||loss:0%||min:91.809||avg:91.965||max:92.789
||2017-03-15 22:33:22||turkey_0013||loss:0%||min:91.821||avg:92.000||max:94.137
||2017-03-15 22:33:22||greece_0007||loss:0%||min:91.846||avg:91.959||max:92.954
||2017-03-15 22:33:21||turkey_0003||loss:0%||min:91.858||avg:92.046||max:95.725
||2017-03-15 22:33:22||turkey_0169||loss:0%||min:91.887||avg:92.081||max:96.062
||2017-03-15 22:33:22||101xp_0040||loss:0%||min:91.918||avg:92.050||max:96.336
||2017-03-15 22:33:21||troas_0033||loss:0%||min:91.938||avg:92.102||max:93.978
||2017-03-15 22:33:22||troas_0221||loss:0%||min:92.022||avg:92.154||max:98.461
||2017-03-15 22:00:01||101xp_0096||loss:0%||min:92.026||avg:92.190||max:109.619
||2017-03-15 22:33:22||troas_0357||loss:0%||min:92.059||avg:92.161||max:93.740
||2017-03-15 22:00:01||euesp_0154||loss:0%||min:92.060||avg:92.186||max:98.373
||2017-03-15 22:00:01||troas_0326||loss:0%||min:92.126||avg:92.293||max:98.671
||2017-03-15 22:00:01||turkey_0037||loss:0%||min:92.169||avg:92.325||max:95.386
||2017-03-15 22:33:22||turkey_0021||loss:0%||min:92.189||avg:92.356||max:95.537
||2017-03-15 22:33:21||poland_0258||loss:0%||min:92.262||avg:92.463||max:98.562
||2017-03-15 22:00:01||101xp_0167||loss:0%||min:92.282||avg:92.432||max:103.833
||2017-03-15 22:00:01||turclas_0005||loss:0%||min:92.282||avg:92.404||max:94.506
||2017-03-15 22:33:22||poland_0124||loss:0%||min:92.295||avg:92.398||max:93.614
||2017-03-15 22:00:01||poland_0194||loss:0%||min:92.304||avg:92.425||max:94.444
||2017-03-15 22:33:22||turkey_0049||loss:0%||min:92.427||avg:92.589||max:93.988
||2017-03-15 22:33:22||turkey_0033||loss:0%||min:92.512||avg:92.696||max:95.021
||2017-03-15 22:33:21||euesp_0055||loss:0%||min:93.080||avg:93.317||max:103.410
||2017-03-15 22:33:22||turkey_0017||loss:0%||min:93.185||avg:93.359||max:95.508
||2017-03-15 22:33:21||turkey_0002||loss:0%||min:93.187||avg:93.418||max:99.481
||2017-03-15 22:33:22||holland_0028||loss:0%||min:93.436||avg:93.548||max:94.709
||2017-03-15 22:33:21||sweden_0033||loss:0%||min:93.436||avg:93.607||max:97.782
||2017-03-15 22:33:22||turkey_0025||loss:0%||min:93.511||avg:93.713||max:95.011
||2017-03-15 22:00:01||greece_0017||loss:0%||min:93.526||avg:93.721||max:97.837
||2017-03-15 22:33:22||deoas_0075||loss:0%||min:93.533||avg:93.756||max:95.919
||2017-03-15 22:33:21||euesp_0508||loss:0%||min:93.570||avg:93.757||max:107.719
||2017-03-15 22:33:21||turkey_0009||loss:0%||min:93.591||avg:93.771||max:106.907
||2017-03-15 22:33:21||turkey_0324||loss:0%||min:93.626||avg:93.798||max:99.107
||2017-03-15 22:33:21||turkey_0049||loss:0%||min:93.630||avg:93.778||max:95.988
||2017-03-15 22:33:22||euesp_0604||loss:0%||min:93.640||avg:93.807||max:96.115
||2017-03-15 22:33:21||101xp_0001||loss:0%||min:93.643||avg:93.822||max:96.747
||2017-03-15 22:33:21||poland_0274||loss:0%||min:93.648||avg:93.779||max:95.925
||2017-03-15 22:33:21||101xp_0002||loss:0%||min:93.680||avg:93.817||max:108.927
||2017-03-15 22:33:22||101xp_0041||loss:0%||min:93.700||avg:93.829||max:97.840
||2017-03-15 22:33:21||turkey_0009||loss:0%||min:93.739||avg:93.895||max:97.349
||2017-03-15 22:16:41||poland_0359||loss:0%||min:93.861||avg:94.034||max:102.587
||2017-03-15 22:00:01||holland_0015||loss:0%||min:96.597||avg:96.777||max:104.912
||2017-03-15 22:00:01||arabia_0195||loss:0%||min:96.858||avg:97.006||max:109.434
||2017-03-15 22:16:41||101xp_0019||loss:0%||min:98.021||avg:98.231||max:109.690
||2017-03-15 22:16:41||101xp_0018||loss:0%||min:98.149||avg:98.319||max:103.505
||2017-03-15 22:00:01||arabia_0228||loss:0%||min:98.161||avg:98.372||max:112.048
||2017-03-15 22:00:01||esprit_0001||loss:0%||min:98.478||avg:98.614||max:100.271
||2017-03-15 22:00:01||esprit_0001||loss:0%||min:98.717||avg:98.859||max:106.800
||2017-03-15 22:00:01||poland_0001||loss:0%||min:100.388||avg:100.557||max:103.732
||2017-03-15 22:00:01||poland_0002||loss:0%||min:100.436||avg:100.629||max:104.494
||2017-03-15 22:33:21||opogame_0005||loss:0%||min:126.999||avg:128.049||max:133.859
||2017-03-15 22:33:21||opogame_0002||loss:0%||min:127.413||avg:129.907||max:133.796
||2017-03-15 22:00:01||ennia_0001||loss:0%||min:132.414||avg:135.152||max:162.038
||2017-03-15 22:00:01||gameru_0001||loss:0%||min:135.306||avg:135.526||max:143.486
||2017-03-15 22:33:21||gameru_0003||loss:0%||min:135.442||avg:136.185||max:152.464
||2017-03-15 22:00:01||ennia_0001||loss:0%||min:136.082||avg:138.870||max:174.278
||2017-03-15 22:00:01||gameru_0002||loss:0%||min:138.469||avg:139.260||max:175.207
||2017-03-15 22:33:21||opogame_0001||loss:0%||min:140.649||avg:141.063||max:144.721
||2017-03-15 22:16:42||r2game_0005||loss:0%||min:142.084||avg:142.294||max:143.500
||2017-03-15 22:16:41||r2game_0094||loss:0%||min:142.303||avg:142.490||max:145.557
||2017-03-15 22:33:21||r2game_0003||loss:0%||min:142.377||avg:142.527||max:147.834
||2017-03-15 22:33:21||r2game_0003||loss:0%||min:142.417||avg:142.572||max:147.634
||2017-03-15 22:16:42||r2game_0003||loss:0%||min:143.612||avg:143.751||max:146.460
||2017-03-15 22:16:41||r2game_0683||loss:0%||min:147.667||avg:147.792||max:149.965
||2017-03-15 22:00:01||yiyou_0014||loss:0%||min:191.803||avg:192.021||max:196.254
||2017-03-15 22:00:01||korea_0001||loss:0%||min:192.721||avg:203.531||max:219.335
||2017-03-15 22:00:01||yiyou_0132||loss:0%||min:195.583||avg:195.764||max:202.401
||2017-03-15 22:16:41||yiyou_0001||loss:0%||min:196.964||avg:197.192||max:200.081
||2017-03-15 22:16:41||yiyou_0001||loss:0%||min:197.050||avg:197.251||max:200.200
||2017-03-15 22:00:01||yiyou_0090||loss:0%||min:198.419||avg:198.661||max:201.636
||2017-03-15 22:00:01||yiyou_0014||loss:0%||min:200.525||avg:200.786||max:221.500
||2017-03-15 22:00:01||vietnam_0007||loss:0%||min:232.556||avg:243.669||max:268.842
||2017-03-15 22:00:01||korea_0001||loss:0%||min:232.881||avg:233.251||max:249.546
||2017-03-15 22:00:01||vietnam_0003||loss:0%||min:236.846||avg:248.013||max:270.258
||2017-03-15 22:00:01||vietnam_0285||loss:0%||min:242.787||avg:254.224||max:274.433
||2017-03-15 22:00:01||ds_0012||loss:0%||min:253.587||avg:254.447||max:266.904
||2017-03-15 22:00:01||ds_0011||loss:0%||min:253.626||avg:254.361||max:263.122
||2017-03-15 22:00:01||vietnam_0317||loss:0%||min:253.868||avg:265.248||max:288.968
||2017-03-15 22:00:01||proindo_0010||loss:0%||min:254.513||avg:254.781||max:257.945
||2017-03-15 22:00:01||myindo_0001||loss:0%||min:259.117||avg:260.083||max:266.188
||2017-03-15 22:00:01||myindo_0001||loss:0%||min:260.578||avg:262.779||max:892.819
||2017-03-15 22:00:01||proindo_0001||loss:0%||min:271.765||avg:272.085||max:282.594
||2017-03-15 22:00:01||ds_0013||loss:100%||:||:||:
||2017-03-15 22:00:01||japan_0009||loss:100%||:||:||:
||2017-03-15 22:00:01||japan_0010||loss:100%||:||:||:
||2017-03-15 22:00:01||ds_0001||loss:100%||:||:||:
||2017-03-15 22:16:42||taiyu_0001||loss:100%||:||:||:
||2017-03-15 22:16:41||kabam_0123||loss:0%||min:1.307||avg:1.409||max:4.517
||2017-03-15 22:16:41||armor_0003||loss:0%||min:1.314||avg:1.450||max:3.166
||2017-03-15 22:00:01||bm_0120||loss:0%||min:1.316||avg:1.436||max:9.271
||2017-03-15 22:16:41||kabam_0011||loss:0%||min:1.325||avg:1.447||max:4.551
||2017-03-15 22:16:41||kong_0001||loss:0%||min:1.339||avg:1.471||max:6.557
||2017-03-15 22:00:01||bm_0120||loss:0%||min:1.376||avg:1.488||max:9.208
||2017-03-15 22:16:41||bm_0479||loss:0%||min:1.380||avg:1.551||max:7.188
||2017-03-15 22:00:01||r2game_0610||loss:0%||min:1.385||avg:1.572||max:14.856
||2017-03-15 22:16:42||r2game_0639||loss:0%||min:1.387||avg:1.548||max:15.670
||2017-03-15 22:16:42||kabam_0123||loss:0%||min:1.402||avg:1.637||max:18.041
||2017-03-15 22:16:41||r2game_0092||loss:0%||min:1.406||avg:1.637||max:15.271
||2017-03-15 22:16:41||r2game_0273||loss:0%||min:1.419||avg:1.580||max:10.491
||2017-03-15 22:16:42||r2game_0273||loss:0%||min:1.419||avg:1.624||max:15.824
||2017-03-15 22:00:01||r2game_0610||loss:0%||min:1.435||avg:1.588||max:3.051
||2017-03-15 22:00:01||qb9esp_0001||loss:0%||min:7.424||avg:7.596||max:10.180
||2017-03-15 22:16:41||naesp_0974||loss:0%||min:7.438||avg:7.585||max:12.041
||2017-03-15 22:00:01||saesp_0021||loss:0%||min:7.447||avg:7.619||max:12.516
||2017-03-15 22:00:01||saesp_0127||loss:0%||min:7.459||avg:7.653||max:32.645
||2017-03-15 22:00:01||saesp_0127||loss:0%||min:7.459||avg:7.631||max:11.148
||2017-03-15 22:00:01||broas_0001||loss:0%||min:7.460||avg:7.605||max:9.414
||2017-03-15 22:16:42||saesp_0093||loss:0%||min:7.466||avg:7.649||max:19.579
||2017-03-15 22:00:01||saesp_0021||loss:0%||min:7.468||avg:7.627||max:10.194
||2017-03-15 22:16:42||saesp_0088||loss:0%||min:7.474||avg:7.615||max:9.107
||2017-03-15 22:16:42||saesp_0030||loss:0%||min:7.475||avg:7.657||max:9.740
||2017-03-15 22:00:01||broas_0581||loss:0%||min:7.481||avg:7.627||max:11.538
||2017-03-15 22:00:01||saesp_0797||loss:0%||min:7.481||avg:7.627||max:12.592
||2017-03-15 22:00:01||saesp_0736||loss:0%||min:7.485||avg:7.653||max:15.398
||2017-03-15 22:00:01||qb9esp_0001||loss:0%||min:7.493||avg:7.669||max:15.382
||2017-03-15 22:16:41||brazil_0001||loss:0%||min:7.493||avg:7.660||max:11.928
||2017-03-15 22:16:41||qb9esp_0001||loss:0%||min:7.545||avg:7.723||max:18.808
||2017-03-15 22:16:42||saesp_0030||loss:0%||min:7.613||avg:7.819||max:13.102
||2017-03-15 22:00:01||saesp_0183||loss:0%||min:7.666||avg:7.852||max:20.028
||2017-03-15 22:16:41||broas_0261||loss:0%||min:7.666||avg:7.850||max:9.481
||2017-03-15 22:00:01||brazil_0016||loss:0%||min:7.683||avg:7.829||max:12.362
||2017-03-15 22:16:41||saesp_0509||loss:0%||min:7.695||avg:7.871||max:12.645
||2017-03-15 22:00:01||saesp_0581||loss:0%||min:7.721||avg:7.880||max:21.315
||2017-03-15 22:16:50||broas_0508||loss:0%||min:7.735||avg:7.878||max:9.679
||2017-03-15 22:00:01||saesp_0155||loss:0%||min:7.736||avg:7.908||max:9.619
||2017-03-15 22:00:01||brazil_0198||loss:0%||min:7.751||avg:7.918||max:10.938
||2017-03-15 22:16:42||brazil_0106||loss:0%||min:7.752||avg:7.913||max:12.371
||2017-03-15 22:16:42||saesp_0021||loss:0%||min:7.753||avg:7.919||max:12.220
||2017-03-15 22:16:41||broas_0099||loss:0%||min:7.755||avg:7.964||max:22.782
||2017-03-15 22:00:01||saesp_0099||loss:0%||min:7.756||avg:7.944||max:31.813
||2017-03-15 22:00:01||brazil_0092||loss:0%||min:7.762||avg:7.912||max:10.153
||2017-03-15 22:16:42||saesp_0003||loss:0%||min:7.763||avg:7.960||max:12.828
||2017-03-15 22:16:42||brazil_0242||loss:0%||min:7.764||avg:7.915||max:10.544
||2017-03-15 22:16:41||naesp_0163||loss:0%||min:7.765||avg:7.922||max:10.668
||2017-03-15 22:00:01||naesp_0126||loss:0%||min:7.765||avg:7.920||max:9.963
||2017-03-15 22:00:01||naesp_0757||loss:0%||min:7.780||avg:7.929||max:11.245
||2017-03-15 22:00:01||brazil_0001||loss:0%||min:7.786||avg:7.944||max:11.646
||2017-03-15 22:16:41||brazil_0002||loss:0%||min:7.811||avg:7.969||max:9.447
||2017-03-15 22:00:01||naesp_0308||loss:0%||min:7.815||avg:7.999||max:12.678
||2017-03-15 22:16:50||naesp_0831||loss:0%||min:7.840||avg:8.053||max:14.523
||2017-03-15 22:16:41||saesp_0225||loss:0%||min:7.922||avg:8.119||max:22.181
||2017-03-15 22:00:01||saesp_0768||loss:0%||min:7.927||avg:8.081||max:13.288
||2017-03-15 22:16:41||naesp_0918||loss:0%||min:7.934||avg:8.113||max:14.496
||2017-03-15 22:16:42||naesp_0612||loss:0%||min:7.955||avg:8.122||max:12.962
||2017-03-15 22:16:42||saesp_0006||loss:0%||min:7.974||avg:8.172||max:12.548
||2017-03-15 22:16:41||saesp_0162||loss:0%||min:7.976||avg:8.179||max:11.925
||2017-03-15 22:00:01||brazil_0609||loss:0%||min:7.978||avg:8.168||max:32.867
||2017-03-15 22:16:41||saesp_0365||loss:0%||min:7.980||avg:8.155||max:9.630
||2017-03-15 22:00:01||brazil_0063||loss:0%||min:7.991||avg:8.165||max:11.726
||2017-03-15 22:00:01||saesp_0509||loss:0%||min:8.001||avg:8.177||max:11.903
||2017-03-15 22:16:41||brazil_0669||loss:0%||min:8.001||avg:8.161||max:9.021
||2017-03-15 22:00:01||saesp_0837||loss:0%||min:8.004||avg:8.175||max:10.230
||2017-03-15 22:16:41||saesp_0509||loss:0%||min:8.022||avg:8.243||max:15.016
||2017-03-15 22:16:41||naesp_0163||loss:0%||min:8.026||avg:8.239||max:22.184
||2017-03-15 22:16:41||naesp_0001||loss:0%||min:8.030||avg:8.238||max:17.736
||2017-03-15 22:16:41||saesp_0294||loss:0%||min:8.031||avg:8.220||max:12.165
||2017-03-15 22:00:01||saesp_0965||loss:0%||min:8.038||avg:8.218||max:11.905
||2017-03-15 22:16:41||naesp_0871||loss:0%||min:8.039||avg:8.228||max:14.883
||2017-03-15 22:16:50||naesp_0468||loss:0%||min:8.039||avg:8.233||max:15.649
||2017-03-15 22:00:01||saesp_0162||loss:0%||min:8.045||avg:8.253||max:11.706
||2017-03-15 22:16:42||brazil_0106||loss:0%||min:8.049||avg:8.267||max:14.241
||2017-03-15 22:16:42||saesp_0006||loss:0%||min:8.056||avg:8.247||max:12.542
||2017-03-15 22:00:01||saesp_0981||loss:0%||min:8.058||avg:8.218||max:12.778
||2017-03-15 22:00:01||naesp_0219||loss:0%||min:8.060||avg:8.219||max:11.669
||2017-03-15 22:16:41||brazil_0002||loss:0%||min:8.061||avg:8.252||max:12.705
||2017-03-15 22:16:43||brazil_0016||loss:0%||min:8.062||avg:8.297||max:23.620
||2017-03-15 22:00:01||saesp_0643||loss:0%||min:8.064||avg:8.239||max:14.848
||2017-03-15 22:00:01||saesp_0313||loss:0%||min:8.064||avg:8.286||max:14.494
||2017-03-15 22:16:42||saesp_0003||loss:0%||min:8.065||avg:8.252||max:9.569
||2017-03-15 22:16:42||saesp_0352||loss:0%||min:8.066||avg:8.241||max:18.026
||2017-03-15 22:16:41||brazil_0299||loss:0%||min:8.066||avg:8.251||max:10.706
||2017-03-15 22:16:41||saesp_0211||loss:0%||min:8.068||avg:8.270||max:13.534
||2017-03-15 22:00:01||broas_0480||loss:0%||min:8.071||avg:8.246||max:17.929
||2017-03-15 22:16:42||saesp_0720||loss:0%||min:8.071||avg:8.265||max:22.219
||2017-03-15 22:16:41||saesp_0673||loss:0%||min:8.071||avg:8.251||max:14.992
||2017-03-15 22:16:41||broas_0197||loss:0%||min:8.072||avg:8.255||max:9.695
||2017-03-15 22:00:01||brazil_0530||loss:0%||min:8.073||avg:8.273||max:19.696
||2017-03-15 22:16:41||saesp_0081||loss:0%||min:8.073||avg:8.259||max:9.536
||2017-03-15 22:16:42||brazil_0016||loss:0%||min:8.073||avg:8.252||max:10.083
||2017-03-15 22:00:01||broas_0197||loss:0%||min:8.077||avg:8.305||max:26.154
||2017-03-15 22:16:41||brazil_0114||loss:0%||min:8.079||avg:8.252||max:12.978
||2017-03-15 22:16:41||saesp_0107||loss:0%||min:8.079||avg:8.245||max:12.700
||2017-03-15 22:16:42||brazil_0106||loss:0%||min:8.083||avg:8.256||max:11.139
||2017-03-15 22:00:01||saesp_0099||loss:0%||min:8.084||avg:8.282||max:10.130
||2017-03-15 22:00:01||brazil_0001||loss:0%||min:8.085||avg:8.306||max:25.391
||2017-03-15 22:16:41||broas_0099||loss:0%||min:8.089||avg:8.277||max:9.391
||2017-03-15 22:16:41||broas_0089||loss:0%||min:8.097||avg:8.256||max:12.896
||2017-03-15 22:00:01||saesp_0054||loss:0%||min:8.102||avg:8.321||max:19.722
||2017-03-15 22:16:42||saesp_0429||loss:0%||min:8.106||avg:8.280||max:9.821
||2017-03-15 22:00:01||brazil_0049||loss:0%||min:8.107||avg:8.267||max:13.077
||2017-03-15 22:00:01||brazil_0049||loss:0%||min:8.134||avg:8.318||max:24.234
||2017-03-15 22:16:42||bm_0007||loss:0%||min:24.607||avg:24.930||max:28.238
||2017-03-15 22:16:42||bm_0013||loss:0%||min:24.666||avg:24.888||max:28.788
||2017-03-15 22:16:42||bm_0001||loss:0%||min:24.675||avg:24.993||max:34.655
||2017-03-15 22:16:42||bm_0109||loss:0%||min:24.781||avg:25.074||max:30.333
||2017-03-15 22:16:42||bm_0001||loss:0%||min:24.788||avg:25.034||max:29.827
||2017-03-15 22:16:42||bm_0105||loss:0%||min:24.802||avg:25.085||max:28.191
||2017-03-15 22:16:41||bm_0001||loss:0%||min:24.841||avg:25.071||max:31.506
||2017-03-15 22:16:42||bm_0105||loss:0%||min:24.856||avg:25.079||max:29.791
||2017-03-15 22:16:41||bm_0201||loss:0%||min:24.951||avg:25.744||max:28.690
||2017-03-15 22:16:42||bm_0105||loss:0%||min:25.131||avg:25.887||max:29.098
||2017-03-15 22:16:42||bm_0517||loss:0%||min:25.455||avg:25.700||max:38.364
||2017-03-15 22:00:01||bm_0088||loss:0%||min:75.149||avg:75.269||max:84.941
||2017-03-15 22:16:41||r2game_0040||loss:0%||min:75.156||avg:75.283||max:79.666
||2017-03-15 22:00:01||bm_0072||loss:0%||min:75.170||avg:75.320||max:79.496
||2017-03-15 22:33:21||bm_0083||loss:0%||min:75.178||avg:75.289||max:76.957
||2017-03-15 22:16:41||r2game_0479||loss:0%||min:75.193||avg:75.383||max:89.114
||2017-03-15 22:00:01||ngame_0001||loss:0%||min:75.229||avg:75.433||max:83.154
||2017-03-15 22:00:01||bm_0209||loss:0%||min:75.253||avg:75.391||max:81.209
||2017-03-15 22:16:50||bm_0513||loss:0%||min:76.456||avg:76.588||max:91.906
||2017-03-15 22:16:41||kag_0001||loss:0%||min:79.494||avg:79.817||max:84.890
||2017-03-15 22:00:01||italy_0039||loss:0%||min:79.521||avg:80.178||max:97.026
||2017-03-15 22:16:41||fr_0138||loss:0%||min:79.539||avg:79.885||max:87.785
||2017-03-15 22:00:01||koram_0044||loss:0%||min:79.572||avg:80.018||max:89.908
||2017-03-15 22:00:01||fr_0119||loss:0%||min:79.625||avg:80.190||max:97.004
||2017-03-15 22:16:41||koram_0144||loss:0%||min:79.661||avg:80.261||max:89.513
||2017-03-15 22:00:01||koram_0004||loss:0%||min:79.668||avg:80.054||max:85.405
||2017-03-15 22:00:01||fr_0013||loss:0%||min:79.707||avg:80.033||max:87.993
||2017-03-15 22:00:01||koram_0004||loss:0%||min:79.722||avg:80.212||max:85.914
||2017-03-15 22:16:42||russia_0010||loss:0%||min:79.726||avg:80.188||max:92.684
||2017-03-15 22:00:01||koram_0044||loss:0%||min:79.730||avg:80.295||max:89.908
||2017-03-15 22:16:41||italy_0001||loss:0%||min:79.740||avg:80.158||max:82.831
||2017-03-15 22:16:41||russia_0106||loss:0%||min:79.753||avg:80.221||max:86.262
||2017-03-15 22:16:42||russia_0034||loss:0%||min:79.759||avg:80.180||max:84.586
||2017-03-15 22:16:41||russia_0043||loss:0%||min:79.778||avg:80.248||max:83.379
||2017-03-15 22:00:01||fr_0001||loss:0%||min:79.795||avg:80.045||max:89.909
||2017-03-15 22:00:01||russia_0034||loss:0%||min:79.807||avg:80.181||max:94.232
||2017-03-15 22:16:41||kag_0001||loss:0%||min:79.860||avg:80.197||max:91.427
||2017-03-15 22:16:42||russia_0010||loss:0%||min:79.950||avg:80.138||max:85.688
||2017-03-15 22:16:41||italy_0001||loss:0%||min:80.041||avg:80.184||max:84.597
||2017-03-15 22:16:41||fr_0081||loss:0%||min:80.053||avg:80.280||max:85.655
||2017-03-15 22:16:41||russia_0148||loss:0%||min:80.185||avg:80.316||max:84.981
||2017-03-15 22:16:41||101xp_0017||loss:0%||min:84.116||avg:84.323||max:87.926
||2017-03-15 22:00:01||holland_0004||loss:0%||min:86.659||avg:86.815||max:89.671
||2017-03-15 22:16:41||101xp_0017||loss:0%||min:88.103||avg:88.268||max:97.312
||2017-03-15 22:00:01||turkey_0680||loss:0%||min:91.510||avg:91.674||max:99.656
||2017-03-15 22:00:01||bm101_0004||loss:0%||min:91.552||avg:91.731||max:94.721
||2017-03-15 22:33:21||euesp_0055||loss:0%||min:91.570||avg:91.763||max:106.880
||2017-03-15 22:00:01||turkey_0161||loss:0%||min:91.588||avg:91.760||max:98.555
||2017-03-15 22:33:21||turkey_0075||loss:0%||min:91.605||avg:91.763||max:95.108
||2017-03-15 22:33:22||poland_0176||loss:0%||min:91.679||avg:91.788||max:93.776
||2017-03-15 22:33:21||poland_0179||loss:0%||min:91.691||avg:91.829||max:94.577
||2017-03-15 22:33:21||turkey_0009||loss:0%||min:91.716||avg:91.886||max:94.191
||2017-03-15 22:33:21||poland_0062||loss:0%||min:91.729||avg:91.854||max:93.006
||2017-03-15 22:33:21||sweden_0033||loss:0%||min:91.734||avg:91.868||max:93.156
||2017-03-15 22:33:22||poland_0311||loss:0%||min:91.738||avg:91.877||max:92.518
||2017-03-15 22:33:21||holland_0055||loss:0%||min:91.740||avg:91.866||max:97.442
||2017-03-15 22:33:22||troas_0005||loss:0%||min:91.750||avg:91.861||max:93.557
||2017-03-15 22:33:21||turkey_0049||loss:0%||min:91.804||avg:91.982||max:98.211
||2017-03-15 22:33:21||troas_0292||loss:0%||min:91.806||avg:91.942||max:96.271
||2017-03-15 22:33:22||turkey_0001||loss:0%||min:91.809||avg:91.965||max:92.789
||2017-03-15 22:33:22||turkey_0013||loss:0%||min:91.821||avg:92.000||max:94.137
||2017-03-15 22:33:22||greece_0007||loss:0%||min:91.846||avg:91.959||max:92.954
||2017-03-15 22:33:21||turkey_0003||loss:0%||min:91.858||avg:92.046||max:95.725
||2017-03-15 22:33:22||turkey_0169||loss:0%||min:91.887||avg:92.081||max:96.062
||2017-03-15 22:33:22||101xp_0040||loss:0%||min:91.918||avg:92.050||max:96.336
||2017-03-15 22:33:21||troas_0033||loss:0%||min:91.938||avg:92.102||max:93.978
||2017-03-15 22:33:22||troas_0221||loss:0%||min:92.022||avg:92.154||max:98.461
||2017-03-15 22:00:01||101xp_0096||loss:0%||min:92.026||avg:92.190||max:109.619
||2017-03-15 22:33:22||troas_0357||loss:0%||min:92.059||avg:92.161||max:93.740
||2017-03-15 22:00:01||euesp_0154||loss:0%||min:92.060||avg:92.186||max:98.373
||2017-03-15 22:00:01||troas_0326||loss:0%||min:92.126||avg:92.293||max:98.671
||2017-03-15 22:00:01||turkey_0037||loss:0%||min:92.169||avg:92.325||max:95.386
||2017-03-15 22:33:22||turkey_0021||loss:0%||min:92.189||avg:92.356||max:95.537
||2017-03-15 22:33:21||poland_0258||loss:0%||min:92.262||avg:92.463||max:98.562
||2017-03-15 22:00:01||turclas_0005||loss:0%||min:92.282||avg:92.404||max:94.506
||2017-03-15 22:00:01||101xp_0167||loss:0%||min:92.282||avg:92.432||max:103.833
||2017-03-15 22:33:22||poland_0124||loss:0%||min:92.295||avg:92.398||max:93.614
||2017-03-15 22:00:01||poland_0194||loss:0%||min:92.304||avg:92.425||max:94.444
||2017-03-15 22:33:22||turkey_0049||loss:0%||min:92.427||avg:92.589||max:93.988
||2017-03-15 22:33:22||turkey_0033||loss:0%||min:92.512||avg:92.696||max:95.021
||2017-03-15 22:33:21||euesp_0055||loss:0%||min:93.080||avg:93.317||max:103.410
||2017-03-15 22:33:22||turkey_0017||loss:0%||min:93.185||avg:93.359||max:95.508
||2017-03-15 22:33:21||turkey_0002||loss:0%||min:93.187||avg:93.418||max:99.481
||2017-03-15 22:33:21||sweden_0033||loss:0%||min:93.436||avg:93.607||max:97.782
||2017-03-15 22:33:22||holland_0028||loss:0%||min:93.436||avg:93.548||max:94.709
||2017-03-15 22:33:22||turkey_0025||loss:0%||min:93.511||avg:93.713||max:95.011
||2017-03-15 22:00:01||greece_0017||loss:0%||min:93.526||avg:93.721||max:97.837
||2017-03-15 22:33:22||deoas_0075||loss:0%||min:93.533||avg:93.756||max:95.919
||2017-03-15 22:33:21||euesp_0508||loss:0%||min:93.570||avg:93.757||max:107.719
||2017-03-15 22:33:21||turkey_0009||loss:0%||min:93.591||avg:93.771||max:106.907
||2017-03-15 22:33:21||turkey_0324||loss:0%||min:93.626||avg:93.798||max:99.107
||2017-03-15 22:33:21||turkey_0049||loss:0%||min:93.630||avg:93.778||max:95.988
||2017-03-15 22:33:22||euesp_0604||loss:0%||min:93.640||avg:93.807||max:96.115
||2017-03-15 22:33:21||101xp_0001||loss:0%||min:93.643||avg:93.822||max:96.747
||2017-03-15 22:33:21||poland_0274||loss:0%||min:93.648||avg:93.779||max:95.925
||2017-03-15 22:33:21||101xp_0002||loss:0%||min:93.680||avg:93.817||max:108.927
||2017-03-15 22:33:22||101xp_0041||loss:0%||min:93.700||avg:93.829||max:97.840
||2017-03-15 22:33:21||turkey_0009||loss:0%||min:93.739||avg:93.895||max:97.349
||2017-03-15 22:16:41||poland_0359||loss:0%||min:93.861||avg:94.034||max:102.587
||2017-03-15 22:00:01||holland_0015||loss:0%||min:96.597||avg:96.777||max:104.912
||2017-03-15 22:00:01||arabia_0195||loss:0%||min:96.858||avg:97.006||max:109.434
||2017-03-15 22:16:41||101xp_0019||loss:0%||min:98.021||avg:98.231||max:109.690
||2017-03-15 22:16:41||101xp_0018||loss:0%||min:98.149||avg:98.319||max:103.505
||2017-03-15 22:00:01||arabia_0228||loss:0%||min:98.161||avg:98.372||max:112.048
||2017-03-15 22:00:01||esprit_0001||loss:0%||min:98.478||avg:98.614||max:100.271
||2017-03-15 22:00:01||esprit_0001||loss:0%||min:98.717||avg:98.859||max:106.800
||2017-03-15 22:00:01||poland_0001||loss:0%||min:100.388||avg:100.557||max:103.732
||2017-03-15 22:00:01||poland_0002||loss:0%||min:100.436||avg:100.629||max:104.494
||2017-03-15 22:33:21||opogame_0005||loss:0%||min:126.999||avg:128.049||max:133.859
||2017-03-15 22:33:21||opogame_0002||loss:0%||min:127.413||avg:129.907||max:133.796
||2017-03-15 22:00:01||ennia_0001||loss:0%||min:132.414||avg:135.152||max:162.038
||2017-03-15 22:00:01||gameru_0001||loss:0%||min:135.306||avg:135.526||max:143.486
||2017-03-15 22:33:21||gameru_0003||loss:0%||min:135.442||avg:136.185||max:152.464
||2017-03-15 22:00:01||ennia_0001||loss:0%||min:136.082||avg:138.870||max:174.278
||2017-03-15 22:00:01||gameru_0002||loss:0%||min:138.469||avg:139.260||max:175.207
||2017-03-15 22:33:21||opogame_0001||loss:0%||min:140.649||avg:141.063||max:144.721
||2017-03-15 22:16:42||r2game_0005||loss:0%||min:142.084||avg:142.294||max:143.500
||2017-03-15 22:16:41||r2game_0094||loss:0%||min:142.303||avg:142.490||max:145.557
||2017-03-15 22:33:21||r2game_0003||loss:0%||min:142.377||avg:142.527||max:147.834
||2017-03-15 22:33:21||r2game_0003||loss:0%||min:142.417||avg:142.572||max:147.634
||2017-03-15 22:16:42||r2game_0003||loss:0%||min:143.612||avg:143.751||max:146.460
||2017-03-15 22:16:41||r2game_0683||loss:0%||min:147.667||avg:147.792||max:149.965
||2017-03-15 22:00:01||yiyou_0014||loss:0%||min:191.803||avg:192.021||max:196.254
||2017-03-15 22:00:01||korea_0001||loss:0%||min:192.721||avg:203.531||max:219.335
||2017-03-15 22:00:01||yiyou_0132||loss:0%||min:195.583||avg:195.764||max:202.401
||2017-03-15 22:16:41||yiyou_0001||loss:0%||min:196.964||avg:197.192||max:200.081
||2017-03-15 22:16:41||yiyou_0001||loss:0%||min:197.050||avg:197.251||max:200.200
||2017-03-15 22:00:01||yiyou_0090||loss:0%||min:198.419||avg:198.661||max:201.636
||2017-03-15 22:00:01||yiyou_0014||loss:0%||min:200.525||avg:200.786||max:221.500
||2017-03-15 22:00:01||vietnam_0007||loss:0%||min:232.556||avg:243.669||max:268.842
||2017-03-15 22:00:01||korea_0001||loss:0%||min:232.881||avg:233.251||max:249.546
||2017-03-15 22:00:01||vietnam_0003||loss:0%||min:236.846||avg:248.013||max:270.258
||2017-03-15 22:00:01||vietnam_0285||loss:0%||min:242.787||avg:254.224||max:274.433
||2017-03-15 22:00:01||ds_0012||loss:0%||min:253.587||avg:254.447||max:266.904
||2017-03-15 22:00:01||ds_0011||loss:0%||min:253.626||avg:254.361||max:263.122
||2017-03-15 22:00:01||vietnam_0317||loss:0%||min:253.868||avg:265.248||max:288.968
||2017-03-15 22:00:01||proindo_0010||loss:0%||min:254.513||avg:254.781||max:257.945
||2017-03-15 22:00:01||myindo_0001||loss:0%||min:259.117||avg:260.083||max:266.188
||2017-03-15 22:00:01||myindo_0001||loss:0%||min:260.578||avg:262.779||max:892.819
||2017-03-15 22:00:01||proindo_0001||loss:0%||min:271.765||avg:272.085||max:282.594
||2017-03-15 22:00:01||japan_0009||loss:100%||:||:||:
||2017-03-15 22:00:01||ds_0013||loss:100%||:||:||:
||2017-03-15 22:00:01||ds_0001||loss:100%||:||:||:
||2017-03-15 22:00:01||japan_0010||loss:100%||:||:||:
||2017-03-15 22:16:42||taiyu_0001||loss:100%||:||:||:
||2017-03-15 22:16:41||kabam_0123||loss:0%||min:1.307||avg:1.409||max:4.517
||2017-03-15 22:16:41||armor_0003||loss:0%||min:1.314||avg:1.450||max:3.166
||2017-03-15 22:00:01||bm_0120||loss:0%||min:1.316||avg:1.436||max:9.271
||2017-03-15 22:16:41||kabam_0011||loss:0%||min:1.325||avg:1.447||max:4.551
||2017-03-15 22:16:41||kong_0001||loss:0%||min:1.339||avg:1.471||max:6.557
||2017-03-15 22:00:01||bm_0120||loss:0%||min:1.376||avg:1.488||max:9.208
||2017-03-15 22:16:41||bm_0479||loss:0%||min:1.380||avg:1.551||max:7.188
||2017-03-15 22:00:01||r2game_0610||loss:0%||min:1.385||avg:1.572||max:14.856
||2017-03-15 22:16:42||r2game_0639||loss:0%||min:1.387||avg:1.548||max:15.670
||2017-03-15 22:16:42||kabam_0123||loss:0%||min:1.402||avg:1.637||max:18.041
||2017-03-15 22:16:41||r2game_0092||loss:0%||min:1.406||avg:1.637||max:15.271
||2017-03-15 22:16:42||r2game_0273||loss:0%||min:1.419||avg:1.624||max:15.824
||2017-03-15 22:16:41||r2game_0273||loss:0%||min:1.419||avg:1.580||max:10.491
||2017-03-15 22:00:01||r2game_0610||loss:0%||min:1.435||avg:1.588||max:3.051
||2017-03-15 22:00:01||qb9esp_0001||loss:0%||min:7.424||avg:7.596||max:10.180
||2017-03-15 22:16:41||naesp_0974||loss:0%||min:7.438||avg:7.585||max:12.041
||2017-03-15 22:00:01||saesp_0021||loss:0%||min:7.447||avg:7.619||max:12.516
||2017-03-15 22:00:01||saesp_0127||loss:0%||min:7.459||avg:7.631||max:11.148
||2017-03-15 22:00:01||saesp_0127||loss:0%||min:7.459||avg:7.653||max:32.645
||2017-03-15 22:00:01||broas_0001||loss:0%||min:7.460||avg:7.605||max:9.414
||2017-03-15 22:16:42||saesp_0093||loss:0%||min:7.466||avg:7.649||max:19.579
||2017-03-15 22:00:01||saesp_0021||loss:0%||min:7.468||avg:7.627||max:10.194
||2017-03-15 22:16:42||saesp_0088||loss:0%||min:7.474||avg:7.615||max:9.107
||2017-03-15 22:16:42||saesp_0030||loss:0%||min:7.475||avg:7.657||max:9.740
||2017-03-15 22:00:01||saesp_0797||loss:0%||min:7.481||avg:7.627||max:12.592
||2017-03-15 22:00:01||broas_0581||loss:0%||min:7.481||avg:7.627||max:11.538
||2017-03-15 22:00:01||saesp_0736||loss:0%||min:7.485||avg:7.653||max:15.398
||2017-03-15 22:00:01||qb9esp_0001||loss:0%||min:7.493||avg:7.669||max:15.382
||2017-03-15 22:16:41||brazil_0001||loss:0%||min:7.493||avg:7.660||max:11.928
||2017-03-15 22:16:41||qb9esp_0001||loss:0%||min:7.545||avg:7.723||max:18.808
||2017-03-15 22:16:42||saesp_0030||loss:0%||min:7.613||avg:7.819||max:13.102
||2017-03-15 22:00:01||saesp_0183||loss:0%||min:7.666||avg:7.852||max:20.028
||2017-03-15 22:16:41||broas_0261||loss:0%||min:7.666||avg:7.850||max:9.481
||2017-03-15 22:00:01||brazil_0016||loss:0%||min:7.683||avg:7.829||max:12.362
||2017-03-15 22:16:41||saesp_0509||loss:0%||min:7.695||avg:7.871||max:12.645
||2017-03-15 22:00:01||saesp_0581||loss:0%||min:7.721||avg:7.880||max:21.315
||2017-03-15 22:16:50||broas_0508||loss:0%||min:7.735||avg:7.878||max:9.679
||2017-03-15 22:00:01||saesp_0155||loss:0%||min:7.736||avg:7.908||max:9.619
||2017-03-15 22:00:01||brazil_0198||loss:0%||min:7.751||avg:7.918||max:10.938
||2017-03-15 22:16:42||brazil_0106||loss:0%||min:7.752||avg:7.913||max:12.371
||2017-03-15 22:16:42||saesp_0021||loss:0%||min:7.753||avg:7.919||max:12.220
||2017-03-15 22:16:41||broas_0099||loss:0%||min:7.755||avg:7.964||max:22.782
||2017-03-15 22:00:01||saesp_0099||loss:0%||min:7.756||avg:7.944||max:31.813
||2017-03-15 22:00:01||brazil_0092||loss:0%||min:7.762||avg:7.912||max:10.153
||2017-03-15 22:16:42||saesp_0003||loss:0%||min:7.763||avg:7.960||max:12.828
||2017-03-15 22:16:42||brazil_0242||loss:0%||min:7.764||avg:7.915||max:10.544
||2017-03-15 22:16:41||naesp_0163||loss:0%||min:7.765||avg:7.922||max:10.668
||2017-03-15 22:00:01||naesp_0126||loss:0%||min:7.765||avg:7.920||max:9.963
||2017-03-15 22:00:01||naesp_0757||loss:0%||min:7.780||avg:7.929||max:11.245
||2017-03-15 22:00:01||brazil_0001||loss:0%||min:7.786||avg:7.944||max:11.646
||2017-03-15 22:16:41||brazil_0002||loss:0%||min:7.811||avg:7.969||max:9.447
||2017-03-15 22:00:01||naesp_0308||loss:0%||min:7.815||avg:7.999||max:12.678
||2017-03-15 22:16:50||naesp_0831||loss:0%||min:7.840||avg:8.053||max:14.523
||2017-03-15 22:16:41||saesp_0225||loss:0%||min:7.922||avg:8.119||max:22.181
||2017-03-15 22:00:01||saesp_0768||loss:0%||min:7.927||avg:8.081||max:13.288
||2017-03-15 22:16:41||naesp_0918||loss:0%||min:7.934||avg:8.113||max:14.496
||2017-03-15 22:16:42||naesp_0612||loss:0%||min:7.955||avg:8.122||max:12.962
||2017-03-15 22:16:42||saesp_0006||loss:0%||min:7.974||avg:8.172||max:12.548
||2017-03-15 22:16:41||saesp_0162||loss:0%||min:7.976||avg:8.179||max:11.925
||2017-03-15 22:00:01||brazil_0609||loss:0%||min:7.978||avg:8.168||max:32.867
||2017-03-15 22:16:41||saesp_0365||loss:0%||min:7.980||avg:8.155||max:9.630
||2017-03-15 22:00:01||brazil_0063||loss:0%||min:7.991||avg:8.165||max:11.726
||2017-03-15 22:00:01||saesp_0509||loss:0%||min:8.001||avg:8.177||max:11.903
||2017-03-15 22:16:41||brazil_0669||loss:0%||min:8.001||avg:8.161||max:9.021
||2017-03-15 22:00:01||saesp_0837||loss:0%||min:8.004||avg:8.175||max:10.230
||2017-03-15 22:16:41||saesp_0509||loss:0%||min:8.022||avg:8.243||max:15.016
||2017-03-15 22:16:41||naesp_0163||loss:0%||min:8.026||avg:8.239||max:22.184
||2017-03-15 22:16:41||naesp_0001||loss:0%||min:8.030||avg:8.238||max:17.736
||2017-03-15 22:16:41||saesp_0294||loss:0%||min:8.031||avg:8.220||max:12.165
||2017-03-15 22:00:01||saesp_0965||loss:0%||min:8.038||avg:8.218||max:11.905
||2017-03-15 22:16:50||naesp_0468||loss:0%||min:8.039||avg:8.233||max:15.649
||2017-03-15 22:16:41||naesp_0871||loss:0%||min:8.039||avg:8.228||max:14.883
||2017-03-15 22:00:01||saesp_0162||loss:0%||min:8.045||avg:8.253||max:11.706
||2017-03-15 22:16:42||brazil_0106||loss:0%||min:8.049||avg:8.267||max:14.241
||2017-03-15 22:16:42||saesp_0006||loss:0%||min:8.056||avg:8.247||max:12.542
||2017-03-15 22:00:01||saesp_0981||loss:0%||min:8.058||avg:8.218||max:12.778
||2017-03-15 22:00:01||naesp_0219||loss:0%||min:8.060||avg:8.219||max:11.669
||2017-03-15 22:16:41||brazil_0002||loss:0%||min:8.061||avg:8.252||max:12.705
||2017-03-15 22:16:43||brazil_0016||loss:0%||min:8.062||avg:8.297||max:23.620
||2017-03-15 22:00:01||saesp_0313||loss:0%||min:8.064||avg:8.286||max:14.494
||2017-03-15 22:00:01||saesp_0643||loss:0%||min:8.064||avg:8.239||max:14.848
||2017-03-15 22:16:42||saesp_0003||loss:0%||min:8.065||avg:8.252||max:9.569
||2017-03-15 22:16:42||saesp_0352||loss:0%||min:8.066||avg:8.241||max:18.026
||2017-03-15 22:16:41||brazil_0299||loss:0%||min:8.066||avg:8.251||max:10.706
||2017-03-15 22:16:41||saesp_0211||loss:0%||min:8.068||avg:8.270||max:13.534
||2017-03-15 22:16:41||saesp_0673||loss:0%||min:8.071||avg:8.251||max:14.992
||2017-03-15 22:00:01||broas_0480||loss:0%||min:8.071||avg:8.246||max:17.929
||2017-03-15 22:16:42||saesp_0720||loss:0%||min:8.071||avg:8.265||max:22.219
||2017-03-15 22:16:41||broas_0197||loss:0%||min:8.072||avg:8.255||max:9.695
||2017-03-15 22:16:41||saesp_0081||loss:0%||min:8.073||avg:8.259||max:9.536
||2017-03-15 22:16:42||brazil_0016||loss:0%||min:8.073||avg:8.252||max:10.083
||2017-03-15 22:00:01||brazil_0530||loss:0%||min:8.073||avg:8.273||max:19.696
||2017-03-15 22:00:01||broas_0197||loss:0%||min:8.077||avg:8.305||max:26.154
||2017-03-15 22:16:41||saesp_0107||loss:0%||min:8.079||avg:8.245||max:12.700
||2017-03-15 22:16:41||brazil_0114||loss:0%||min:8.079||avg:8.252||max:12.978
||2017-03-15 22:16:42||brazil_0106||loss:0%||min:8.083||avg:8.256||max:11.139
||2017-03-15 22:00:01||saesp_0099||loss:0%||min:8.084||avg:8.282||max:10.130
||2017-03-15 22:00:01||brazil_0001||loss:0%||min:8.085||avg:8.306||max:25.391
||2017-03-15 22:16:41||broas_0099||loss:0%||min:8.089||avg:8.277||max:9.391
||2017-03-15 22:16:41||broas_0089||loss:0%||min:8.097||avg:8.256||max:12.896
||2017-03-15 22:00:01||saesp_0054||loss:0%||min:8.102||avg:8.321||max:19.722
||2017-03-15 22:16:42||saesp_0429||loss:0%||min:8.106||avg:8.280||max:9.821
||2017-03-15 22:00:01||brazil_0049||loss:0%||min:8.107||avg:8.267||max:13.077
||2017-03-15 22:00:01||brazil_0049||loss:0%||min:8.134||avg:8.318||max:24.234
||2017-03-15 22:16:42||bm_0007||loss:0%||min:24.607||avg:24.930||max:28.238
||2017-03-15 22:16:42||bm_0013||loss:0%||min:24.666||avg:24.888||max:28.788
||2017-03-15 22:16:42||bm_0001||loss:0%||min:24.675||avg:24.993||max:34.655
||2017-03-15 22:16:42||bm_0109||loss:0%||min:24.781||avg:25.074||max:30.333
||2017-03-15 22:16:42||bm_0001||loss:0%||min:24.788||avg:25.034||max:29.827
||2017-03-15 22:16:42||bm_0105||loss:0%||min:24.802||avg:25.085||max:28.191
||2017-03-15 22:16:41||bm_0001||loss:0%||min:24.841||avg:25.071||max:31.506
||2017-03-15 22:16:42||bm_0105||loss:0%||min:24.856||avg:25.079||max:29.791
||2017-03-15 22:16:41||bm_0201||loss:0%||min:24.951||avg:25.744||max:28.690
||2017-03-15 22:16:42||bm_0105||loss:0%||min:25.131||avg:25.887||max:29.098
||2017-03-15 22:16:42||bm_0517||loss:0%||min:25.455||avg:25.700||max:38.364
||2017-03-15 22:00:01||bm_0088||loss:0%||min:75.149||avg:75.269||max:84.941
||2017-03-15 22:16:41||r2game_0040||loss:0%||min:75.156||avg:75.283||max:79.666
||2017-03-15 22:00:01||bm_0072||loss:0%||min:75.170||avg:75.320||max:79.496
||2017-03-15 22:33:21||bm_0083||loss:0%||min:75.178||avg:75.289||max:76.957
||2017-03-15 22:16:41||r2game_0479||loss:0%||min:75.193||avg:75.383||max:89.114
||2017-03-15 22:00:01||ngame_0001||loss:0%||min:75.229||avg:75.433||max:83.154
||2017-03-15 22:00:01||bm_0209||loss:0%||min:75.253||avg:75.391||max:81.209
||2017-03-15 22:16:50||bm_0513||loss:0%||min:76.456||avg:76.588||max:91.906
||2017-03-15 22:16:41||kag_0001||loss:0%||min:79.494||avg:79.817||max:84.890
||2017-03-15 22:00:01||italy_0039||loss:0%||min:79.521||avg:80.178||max:97.026
||2017-03-15 22:16:41||fr_0138||loss:0%||min:79.539||avg:79.885||max:87.785
||2017-03-15 22:00:01||koram_0044||loss:0%||min:79.572||avg:80.018||max:89.908
||2017-03-15 22:00:01||fr_0119||loss:0%||min:79.625||avg:80.190||max:97.004
||2017-03-15 22:16:41||koram_0144||loss:0%||min:79.661||avg:80.261||max:89.513
||2017-03-15 22:00:01||koram_0004||loss:0%||min:79.668||avg:80.054||max:85.405
||2017-03-15 22:00:01||fr_0013||loss:0%||min:79.707||avg:80.033||max:87.993
||2017-03-15 22:00:01||koram_0004||loss:0%||min:79.722||avg:80.212||max:85.914
||2017-03-15 22:16:42||russia_0010||loss:0%||min:79.726||avg:80.188||max:92.684
||2017-03-15 22:00:01||koram_0044||loss:0%||min:79.730||avg:80.295||max:89.908
||2017-03-15 22:16:41||italy_0001||loss:0%||min:79.740||avg:80.158||max:82.831
||2017-03-15 22:16:41||russia_0106||loss:0%||min:79.753||avg:80.221||max:86.262
||2017-03-15 22:16:42||russia_0034||loss:0%||min:79.759||avg:80.180||max:84.586
||2017-03-15 22:16:41||russia_0043||loss:0%||min:79.778||avg:80.248||max:83.379
||2017-03-15 22:00:01||fr_0001||loss:0%||min:79.795||avg:80.045||max:89.909
||2017-03-15 22:00:01||russia_0034||loss:0%||min:79.807||avg:80.181||max:94.232
||2017-03-15 22:16:41||kag_0001||loss:0%||min:79.860||avg:80.197||max:91.427
||2017-03-15 22:16:42||russia_0010||loss:0%||min:79.950||avg:80.138||max:85.688
||2017-03-15 22:16:41||italy_0001||loss:0%||min:80.041||avg:80.184||max:84.597
||2017-03-15 22:16:41||fr_0081||loss:0%||min:80.053||avg:80.280||max:85.655
||2017-03-15 22:16:41||russia_0148||loss:0%||min:80.185||avg:80.316||max:84.981
||2017-03-15 22:16:41||101xp_0017||loss:0%||min:84.116||avg:84.323||max:87.926
||2017-03-15 22:00:01||holland_0004||loss:0%||min:86.659||avg:86.815||max:89.671
||2017-03-15 22:16:41||101xp_0017||loss:0%||min:88.103||avg:88.268||max:97.312
||2017-03-15 22:00:01||turkey_0680||loss:0%||min:91.510||avg:91.674||max:99.656
||2017-03-15 22:00:01||bm101_0004||loss:0%||min:91.552||avg:91.731||max:94.721
||2017-03-15 22:33:21||euesp_0055||loss:0%||min:91.570||avg:91.763||max:106.880
||2017-03-15 22:00:01||turkey_0161||loss:0%||min:91.588||avg:91.760||max:98.555
||2017-03-15 22:33:21||turkey_0075||loss:0%||min:91.605||avg:91.763||max:95.108
||2017-03-15 22:33:22||poland_0176||loss:0%||min:91.679||avg:91.788||max:93.776
||2017-03-15 22:33:21||poland_0179||loss:0%||min:91.691||avg:91.829||max:94.577
||2017-03-15 22:33:21||turkey_0009||loss:0%||min:91.716||avg:91.886||max:94.191
||2017-03-15 22:33:21||poland_0062||loss:0%||min:91.729||avg:91.854||max:93.006
||2017-03-15 22:33:21||sweden_0033||loss:0%||min:91.734||avg:91.868||max:93.156
||2017-03-15 22:33:22||poland_0311||loss:0%||min:91.738||avg:91.877||max:92.518
||2017-03-15 22:33:21||holland_0055||loss:0%||min:91.740||avg:91.866||max:97.442
||2017-03-15 22:33:22||troas_0005||loss:0%||min:91.750||avg:91.861||max:93.557
||2017-03-15 22:33:21||turkey_0049||loss:0%||min:91.804||avg:91.982||max:98.211
||2017-03-15 22:33:21||troas_0292||loss:0%||min:91.806||avg:91.942||max:96.271
||2017-03-15 22:33:22||turkey_0001||loss:0%||min:91.809||avg:91.965||max:92.789
||2017-03-15 22:33:22||turkey_0013||loss:0%||min:91.821||avg:92.000||max:94.137
||2017-03-15 22:33:22||greece_0007||loss:0%||min:91.846||avg:91.959||max:92.954
||2017-03-15 22:33:21||turkey_0003||loss:0%||min:91.858||avg:92.046||max:95.725
||2017-03-15 22:33:22||turkey_0169||loss:0%||min:91.887||avg:92.081||max:96.062
||2017-03-15 22:33:22||101xp_0040||loss:0%||min:91.918||avg:92.050||max:96.336
||2017-03-15 22:33:21||troas_0033||loss:0%||min:91.938||avg:92.102||max:93.978
||2017-03-15 22:33:22||troas_0221||loss:0%||min:92.022||avg:92.154||max:98.461
||2017-03-15 22:00:01||101xp_0096||loss:0%||min:92.026||avg:92.190||max:109.619
||2017-03-15 22:33:22||troas_0357||loss:0%||min:92.059||avg:92.161||max:93.740
||2017-03-15 22:00:01||euesp_0154||loss:0%||min:92.060||avg:92.186||max:98.373
||2017-03-15 22:00:01||troas_0326||loss:0%||min:92.126||avg:92.293||max:98.671
||2017-03-15 22:00:01||turkey_0037||loss:0%||min:92.169||avg:92.325||max:95.386
||2017-03-15 22:33:22||turkey_0021||loss:0%||min:92.189||avg:92.356||max:95.537
||2017-03-15 22:33:21||poland_0258||loss:0%||min:92.262||avg:92.463||max:98.562
||2017-03-15 22:00:01||101xp_0167||loss:0%||min:92.282||avg:92.432||max:103.833
||2017-03-15 22:00:01||turclas_0005||loss:0%||min:92.282||avg:92.404||max:94.506
||2017-03-15 22:33:22||poland_0124||loss:0%||min:92.295||avg:92.398||max:93.614
||2017-03-15 22:00:01||poland_0194||loss:0%||min:92.304||avg:92.425||max:94.444
||2017-03-15 22:33:22||turkey_0049||loss:0%||min:92.427||avg:92.589||max:93.988
||2017-03-15 22:33:22||turkey_0033||loss:0%||min:92.512||avg:92.696||max:95.021
||2017-03-15 22:33:21||euesp_0055||loss:0%||min:93.080||avg:93.317||max:103.410
||2017-03-15 22:33:22||turkey_0017||loss:0%||min:93.185||avg:93.359||max:95.508
||2017-03-15 22:33:21||turkey_0002||loss:0%||min:93.187||avg:93.418||max:99.481
||2017-03-15 22:33:22||holland_0028||loss:0%||min:93.436||avg:93.548||max:94.709
||2017-03-15 22:33:21||sweden_0033||loss:0%||min:93.436||avg:93.607||max:97.782
||2017-03-15 22:33:22||turkey_0025||loss:0%||min:93.511||avg:93.713||max:95.011
||2017-03-15 22:00:01||greece_0017||loss:0%||min:93.526||avg:93.721||max:97.837
||2017-03-15 22:33:22||deoas_0075||loss:0%||min:93.533||avg:93.756||max:95.919
||2017-03-15 22:33:21||euesp_0508||loss:0%||min:93.570||avg:93.757||max:107.719
||2017-03-15 22:33:21||turkey_0009||loss:0%||min:93.591||avg:93.771||max:106.907
||2017-03-15 22:33:21||turkey_0324||loss:0%||min:93.626||avg:93.798||max:99.107
||2017-03-15 22:33:21||turkey_0049||loss:0%||min:93.630||avg:93.778||max:95.988
||2017-03-15 22:33:22||euesp_0604||loss:0%||min:93.640||avg:93.807||max:96.115
||2017-03-15 22:33:21||101xp_0001||loss:0%||min:93.643||avg:93.822||max:96.747
||2017-03-15 22:33:21||poland_0274||loss:0%||min:93.648||avg:93.779||max:95.925
||2017-03-15 22:33:21||101xp_0002||loss:0%||min:93.680||avg:93.817||max:108.927
||2017-03-15 22:33:22||101xp_0041||loss:0%||min:93.700||avg:93.829||max:97.840
||2017-03-15 22:33:21||turkey_0009||loss:0%||min:93.739||avg:93.895||max:97.349
||2017-03-15 22:16:41||poland_0359||loss:0%||min:93.861||avg:94.034||max:102.587
||2017-03-15 22:00:01||holland_0015||loss:0%||min:96.597||avg:96.777||max:104.912
||2017-03-15 22:00:01||arabia_0195||loss:0%||min:96.858||avg:97.006||max:109.434
||2017-03-15 22:16:41||101xp_0019||loss:0%||min:98.021||avg:98.231||max:109.690
||2017-03-15 22:16:41||101xp_0018||loss:0%||min:98.149||avg:98.319||max:103.505
||2017-03-15 22:00:01||arabia_0228||loss:0%||min:98.161||avg:98.372||max:112.048
||2017-03-15 22:00:01||esprit_0001||loss:0%||min:98.478||avg:98.614||max:100.271
||2017-03-15 22:00:01||esprit_0001||loss:0%||min:98.717||avg:98.859||max:106.800
||2017-03-15 22:00:01||poland_0001||loss:0%||min:100.388||avg:100.557||max:103.732
||2017-03-15 22:00:01||poland_0002||loss:0%||min:100.436||avg:100.629||max:104.494
||2017-03-15 22:33:21||opogame_0005||loss:0%||min:126.999||avg:128.049||max:133.859
||2017-03-15 22:33:21||opogame_0002||loss:0%||min:127.413||avg:129.907||max:133.796
||2017-03-15 22:00:01||ennia_0001||loss:0%||min:132.414||avg:135.152||max:162.038
||2017-03-15 22:00:01||gameru_0001||loss:0%||min:135.306||avg:135.526||max:143.486
||2017-03-15 22:33:21||gameru_0003||loss:0%||min:135.442||avg:136.185||max:152.464
||2017-03-15 22:00:01||ennia_0001||loss:0%||min:136.082||avg:138.870||max:174.278
||2017-03-15 22:00:01||gameru_0002||loss:0%||min:138.469||avg:139.260||max:175.207
||2017-03-15 22:33:21||opogame_0001||loss:0%||min:140.649||avg:141.063||max:144.721
||2017-03-15 22:16:42||r2game_0005||loss:0%||min:142.084||avg:142.294||max:143.500
||2017-03-15 22:16:41||r2game_0094||loss:0%||min:142.303||avg:142.490||max:145.557
||2017-03-15 22:33:21||r2game_0003||loss:0%||min:142.377||avg:142.527||max:147.834
||2017-03-15 22:33:21||r2game_0003||loss:0%||min:142.417||avg:142.572||max:147.634
||2017-03-15 22:16:42||r2game_0003||loss:0%||min:143.612||avg:143.751||max:146.460
||2017-03-15 22:16:41||r2game_0683||loss:0%||min:147.667||avg:147.792||max:149.965
||2017-03-15 22:00:01||yiyou_0014||loss:0%||min:191.803||avg:192.021||max:196.254
||2017-03-15 22:00:01||korea_0001||loss:0%||min:192.721||avg:203.531||max:219.335
||2017-03-15 22:00:01||yiyou_0132||loss:0%||min:195.583||avg:195.764||max:202.401
||2017-03-15 22:16:41||yiyou_0001||loss:0%||min:196.964||avg:197.192||max:200.081
||2017-03-15 22:16:41||yiyou_0001||loss:0%||min:197.050||avg:197.251||max:200.200
||2017-03-15 22:00:01||yiyou_0090||loss:0%||min:198.419||avg:198.661||max:201.636
||2017-03-15 22:00:01||yiyou_0014||loss:0%||min:200.525||avg:200.786||max:221.500
||2017-03-15 22:00:01||vietnam_0007||loss:0%||min:232.556||avg:243.669||max:268.842
||2017-03-15 22:00:01||korea_0001||loss:0%||min:232.881||avg:233.251||max:249.546
||2017-03-15 22:00:01||vietnam_0003||loss:0%||min:236.846||avg:248.013||max:270.258
||2017-03-15 22:00:01||vietnam_0285||loss:0%||min:242.787||avg:254.224||max:274.433
||2017-03-15 22:00:01||ds_0012||loss:0%||min:253.587||avg:254.447||max:266.904
||2017-03-15 22:00:01||ds_0011||loss:0%||min:253.626||avg:254.361||max:263.122
||2017-03-15 22:00:01||vietnam_0317||loss:0%||min:253.868||avg:265.248||max:288.968
||2017-03-15 22:00:01||proindo_0010||loss:0%||min:254.513||avg:254.781||max:257.945
||2017-03-15 22:00:01||myindo_0001||loss:0%||min:259.117||avg:260.083||max:266.188
||2017-03-15 22:00:01||myindo_0001||loss:0%||min:260.578||avg:262.779||max:892.819
||2017-03-15 22:00:01||proindo_0001||loss:0%||min:271.765||avg:272.085||max:282.594
||2017-03-15 22:00:01||ds_0013||loss:100%||:||:||:
||2017-03-15 22:16:42||taiyu_0001||loss:100%||:||:||:
||2017-03-15 22:00:01||ds_0001||loss:100%||:||:||:
||2017-03-15 22:00:01||japan_0010||loss:100%||:||:||:
||2017-03-15 22:00:01||japan_0009||loss:100%||:||:||:
